warning: unexpected `cfg` condition value: `128`
   --> vendor/ahash/src/fallback_hash.rs:164:11
    |
164 |     #[cfg(target_pointer_width = "128")]
    |           ^^^^^^^^^^^^^^^^^^^^^^^^^^^^
    |
    = note: expected values for `target_pointer_width` are: `16`, `32`, and `64`
    = note: see <https://doc.rust-lang.org/nightly/rustc/check-cfg/cargo-specifics.html> for more information about checking conditional configuration
    = note: `#[warn(unexpected_cfgs)]` on by default

warning: unexpected `cfg` condition name: `fuzzing`
  --> vendor/ahash/src/random_state.rs:48:58
   |
48 |     if #[cfg(all(feature = "compile-time-rng", any(test, fuzzing)))] {
   |                                                          ^^^^^^^
   |
   = help: expected names are: `docsrs`, `feature`, `folded_multiply`, `specialize`, and `test` and 31 more
   = help: consider using a Cargo feature instead
   = help: or consider adding in `Cargo.toml` the `check-cfg` lint config for the lint:
            [lints.rust]
            unexpected_cfgs = { level = "warn", check-cfg = ['cfg(fuzzing)'] }
   = help: or consider adding `println!("cargo::rustc-check-cfg=cfg(fuzzing)");` to the top of the `build.rs`
   = note: see <https://doc.rust-lang.org/nightly/rustc/check-cfg/cargo-specifics.html> for more information about checking conditional configuration

warning: unexpected `cfg` condition name: `fuzzing`
  --> vendor/ahash/src/random_state.rs:68:54
   |
68 |     } else if #[cfg(all(feature = "runtime-rng", not(fuzzing)))] {
   |                                                      ^^^^^^^
   |
   = help: consider using a Cargo feature instead
   = help: or consider adding in `Cargo.toml` the `check-cfg` lint config for the lint:
            [lints.rust]
            unexpected_cfgs = { level = "warn", check-cfg = ['cfg(fuzzing)'] }
   = help: or consider adding `println!("cargo::rustc-check-cfg=cfg(fuzzing)");` to the top of the `build.rs`
   = note: see <https://doc.rust-lang.org/nightly/rustc/check-cfg/cargo-specifics.html> for more information about checking conditional configuration

warning: methods `read_u128x2`, `read_u128x4`, `read_last_u16`, `read_last_u128x2`, and `read_last_u128x4` are never used
  --> vendor/ahash/src/convert.rs:69:8
   |
64 | pub(crate) trait ReadFromSlice {
   |                  ------------- methods in this trait
...
69 |     fn read_u128x2(&self) -> ([u128; 2], &[u8]);
   |        ^^^^^^^^^^^
70 |     fn read_u128x4(&self) -> ([u128; 4], &[u8]);
   |        ^^^^^^^^^^^
71 |     fn read_last_u16(&self) -> u16;
   |        ^^^^^^^^^^^^^
...
75 |     fn read_last_u128x2(&self) -> [u128; 2];
   |        ^^^^^^^^^^^^^^^^
76 |     fn read_last_u128x4(&self) -> [u128; 4];
   |        ^^^^^^^^^^^^^^^^
   |
   = note: `#[warn(dead_code)]` on by default

warning: `ahash` (lib) generated 4 warnings
warning: `ahash` (lib) generated 4 warnings (4 duplicates)
   Compiling weft-core v0.1.0 (/private/tmp/weft-build/crates/weft-core)
warning: method `finish` is never used
   --> crates/weft-core/src/syntax.rs:243:19
    |
206 | impl Parser {
    | ----------- method in this implementation
...
243 |     pub(crate) fn finish(&mut self) -> Result<()> {
    |                   ^^^^^^
    |
    = note: `#[warn(dead_code)]` on by default

warning: `weft-core` (lib test) generated 1 warning (1 duplicate)
warning: `weft-core` (lib) generated 1 warning
    Finished `test` profile [unoptimized + debuginfo] target(s) in 1.78s
     Running unittests src/lib.rs (target/debug/deps/weft_core-67a527b2f3819a93)

running 4 tests
test backend_emission::tests::numeric_results_require_exact_text_decoders ... ok
test backend::tests::obligations_are_retained_sorted_and_conflicts_refuse ... ok
test backend_emission::tests::exact_numeric_slots_refuse_invalid_domains_and_lexemes ... ok
test backend_emission::tests::presence_and_native_null_require_qualified_descriptors ... ok

test result: ok. 4 passed; 0 failed; 0 ignored; 0 measured; 0 filtered out; finished in 0.05s

     Running unittests src/bin/frontend.rs (target/debug/deps/frontend-701ec0bf5478cbea)

running 0 tests

test result: ok. 0 passed; 0 failed; 0 ignored; 0 measured; 0 filtered out; finished in 0.00s

     Running ../../tests/application/model.rs (target/debug/deps/application_model-d16ab698a4ccf23f)

running 10 tests
test unrelated_unknown_member_does_not_block_explicit_known_projection ... ok
test ordered_members_and_optional_availability ... ok
test ordered_list_items_have_exact_leaf_types ... ok
test authored_relationship_and_inverse_keep_identity_and_key ... ok
test recursive_structure_is_an_identity_graph ... ok
test keys_require_required_member_scalars ... ok
test ambiguous_relationship_and_unkeyed_inverse_refuse ... ok
test unknown_selected_meaning_is_not_dropped ... ok
test unsupported_relationship_meanings_refuse ... ok
test deep_reference_graph_refuses_without_recursing_forever ... ok

test result: ok. 10 passed; 0 failed; 0 ignored; 0 measured; 0 filtered out; finished in 0.02s

     Running ../../tests/application/resolve.rs (target/debug/deps/application_resolve-80be67502db5518c)

running 5 tests
test parameters_intersect_all_use_domains ... ok
test plans_keep_domains_presence_join_bags_and_cursors ... ok
test explicit_profile_version_and_parameter_map_bounds ... ok
test original_valid_queries_remain_valid_in_explicit_02 ... ok
test application_acceptance_and_refusals ... ok

test result: ok. 5 passed; 0 failed; 0 ignored; 0 measured; 0 filtered out; finished in 0.47s

     Running ../../tests/application/syntax.rs (target/debug/deps/application_syntax-de76da35d3035401)

running 4 tests
test count_and_literal_values ... ok
test application_constructs_preserve_structure ... ok
test explicit_version_does_not_expand_original_parser ... ok
test excluded_and_malformed_constructs_refuse ... ok

test result: ok. 4 passed; 0 failed; 0 ignored; 0 measured; 0 filtered out; finished in 0.00s

     Running ../../tests/register-backend/pipeline.rs (target/debug/deps/backend_pipeline-dbf20280c430ff8d)

running 5 tests
test candidate_qualification_and_no_upgrade ... ok
test binding_digest_revision_injection_and_selected_unknown_refuse ... ok
test atomic_refusals_and_no_implicit_selection ... ok
test emitter_cannot_change_outputs_or_parameter_domains ... ok
test third_backend_registration_for_both_plan_versions ... ok

test result: ok. 5 passed; 0 failed; 0 ignored; 0 measured; 0 filtered out; finished in 0.07s

     Running ../../tests/register-backend/registry.rs (target/debug/deps/backend_registry-6df62c321a3febb9)

running 3 tests
test supported_requires_declared_evidence_candidate_remains_distinct ... ok
test duplicate_declarations_and_unknown_shapes_refuse ... ok
test manifest_versions_and_profile_capability_binding ... ok

test result: ok. 3 passed; 0 failed; 0 ignored; 0 measured; 0 filtered out; finished in 0.00s

     Running tests/frontend.rs (target/debug/deps/frontend-96af6cf41766a274)

running 4 tests
test utf8_spans_and_exact_quoted_names ... ok
test on_scope_self_joins_and_group_only ... ok
test schema_identity_and_dependency_guards ... ok
test independent_corpus_resolution_and_refusals ... ok

test result: ok. 4 passed; 0 failed; 0 ignored; 0 measured; 0 filtered out; finished in 0.42s

   Doc-tests weft_core

running 0 tests

test result: ok. 0 passed; 0 failed; 0 ignored; 0 measured; 0 filtered out; finished in 0.00s

warning: unexpected `cfg` condition value: `128`
   --> vendor/ahash/src/fallback_hash.rs:164:11
    |
164 |     #[cfg(target_pointer_width = "128")]
    |           ^^^^^^^^^^^^^^^^^^^^^^^^^^^^
    |
    = note: expected values for `target_pointer_width` are: `16`, `32`, and `64`
    = note: see <https://doc.rust-lang.org/nightly/rustc/check-cfg/cargo-specifics.html> for more information about checking conditional configuration
    = note: `#[warn(unexpected_cfgs)]` on by default

warning: unexpected `cfg` condition name: `fuzzing`
  --> vendor/ahash/src/random_state.rs:48:58
   |
48 |     if #[cfg(all(feature = "compile-time-rng", any(test, fuzzing)))] {
   |                                                          ^^^^^^^
   |
   = help: expected names are: `docsrs`, `feature`, `folded_multiply`, `specialize`, and `test` and 31 more
   = help: consider using a Cargo feature instead
   = help: or consider adding in `Cargo.toml` the `check-cfg` lint config for the lint:
            [lints.rust]
            unexpected_cfgs = { level = "warn", check-cfg = ['cfg(fuzzing)'] }
   = help: or consider adding `println!("cargo::rustc-check-cfg=cfg(fuzzing)");` to the top of the `build.rs`
   = note: see <https://doc.rust-lang.org/nightly/rustc/check-cfg/cargo-specifics.html> for more information about checking conditional configuration

warning: unexpected `cfg` condition name: `fuzzing`
  --> vendor/ahash/src/random_state.rs:68:54
   |
68 |     } else if #[cfg(all(feature = "runtime-rng", not(fuzzing)))] {
   |                                                      ^^^^^^^
   |
   = help: consider using a Cargo feature instead
   = help: or consider adding in `Cargo.toml` the `check-cfg` lint config for the lint:
            [lints.rust]
            unexpected_cfgs = { level = "warn", check-cfg = ['cfg(fuzzing)'] }
   = help: or consider adding `println!("cargo::rustc-check-cfg=cfg(fuzzing)");` to the top of the `build.rs`
   = note: see <https://doc.rust-lang.org/nightly/rustc/check-cfg/cargo-specifics.html> for more information about checking conditional configuration

warning: methods `read_u128x2`, `read_u128x4`, `read_last_u16`, `read_last_u128x2`, and `read_last_u128x4` are never used
  --> vendor/ahash/src/convert.rs:69:8
   |
64 | pub(crate) trait ReadFromSlice {
   |                  ------------- methods in this trait
...
69 |     fn read_u128x2(&self) -> ([u128; 2], &[u8]);
   |        ^^^^^^^^^^^
70 |     fn read_u128x4(&self) -> ([u128; 4], &[u8]);
   |        ^^^^^^^^^^^
71 |     fn read_last_u16(&self) -> u16;
   |        ^^^^^^^^^^^^^
...
75 |     fn read_last_u128x2(&self) -> [u128; 2];
   |        ^^^^^^^^^^^^^^^^
76 |     fn read_last_u128x4(&self) -> [u128; 4];
   |        ^^^^^^^^^^^^^^^^
   |
   = note: `#[warn(dead_code)]` on by default

warning: `ahash` (lib) generated 4 warnings
warning: `ahash` (lib) generated 4 warnings (4 duplicates)
warning: method `finish` is never used
   --> crates/weft-core/src/syntax.rs:243:19
    |
206 | impl Parser {
    | ----------- method in this implementation
...
243 |     pub(crate) fn finish(&mut self) -> Result<()> {
    |                   ^^^^^^
    |
    = note: `#[warn(dead_code)]` on by default

warning: `weft-core` (lib) generated 1 warning
    Finished `dev` profile [unoptimized + debuginfo] target(s) in 0.16s
{"corpusCases": 636, "independentRelationalBags": 13, "arithmetic": "Python int and Decimal precision 100", "targetExecution": false}
Validated 303 typed frontend plans against the public IR schema.
warning: unexpected `cfg` condition value: `128`
   --> vendor/ahash/src/fallback_hash.rs:164:11
    |
164 |     #[cfg(target_pointer_width = "128")]
    |           ^^^^^^^^^^^^^^^^^^^^^^^^^^^^
    |
    = note: expected values for `target_pointer_width` are: `16`, `32`, and `64`
    = note: see <https://doc.rust-lang.org/nightly/rustc/check-cfg/cargo-specifics.html> for more information about checking conditional configuration
    = note: `#[warn(unexpected_cfgs)]` on by default

warning: unexpected `cfg` condition name: `fuzzing`
  --> vendor/ahash/src/random_state.rs:48:58
   |
48 |     if #[cfg(all(feature = "compile-time-rng", any(test, fuzzing)))] {
   |                                                          ^^^^^^^
   |
   = help: expected names are: `docsrs`, `feature`, `folded_multiply`, `specialize`, and `test` and 31 more
   = help: consider using a Cargo feature instead
   = help: or consider adding in `Cargo.toml` the `check-cfg` lint config for the lint:
            [lints.rust]
            unexpected_cfgs = { level = "warn", check-cfg = ['cfg(fuzzing)'] }
   = help: or consider adding `println!("cargo::rustc-check-cfg=cfg(fuzzing)");` to the top of the `build.rs`
   = note: see <https://doc.rust-lang.org/nightly/rustc/check-cfg/cargo-specifics.html> for more information about checking conditional configuration

warning: unexpected `cfg` condition name: `fuzzing`
  --> vendor/ahash/src/random_state.rs:68:54
   |
68 |     } else if #[cfg(all(feature = "runtime-rng", not(fuzzing)))] {
   |                                                      ^^^^^^^
   |
   = help: consider using a Cargo feature instead
   = help: or consider adding in `Cargo.toml` the `check-cfg` lint config for the lint:
            [lints.rust]
            unexpected_cfgs = { level = "warn", check-cfg = ['cfg(fuzzing)'] }
   = help: or consider adding `println!("cargo::rustc-check-cfg=cfg(fuzzing)");` to the top of the `build.rs`
   = note: see <https://doc.rust-lang.org/nightly/rustc/check-cfg/cargo-specifics.html> for more information about checking conditional configuration

warning: methods `read_u128x2`, `read_u128x4`, `read_last_u16`, `read_last_u128x2`, and `read_last_u128x4` are never used
  --> vendor/ahash/src/convert.rs:69:8
   |
64 | pub(crate) trait ReadFromSlice {
   |                  ------------- methods in this trait
...
69 |     fn read_u128x2(&self) -> ([u128; 2], &[u8]);
   |        ^^^^^^^^^^^
70 |     fn read_u128x4(&self) -> ([u128; 4], &[u8]);
   |        ^^^^^^^^^^^
71 |     fn read_last_u16(&self) -> u16;
   |        ^^^^^^^^^^^^^
...
75 |     fn read_last_u128x2(&self) -> [u128; 2];
   |        ^^^^^^^^^^^^^^^^
76 |     fn read_last_u128x4(&self) -> [u128; 4];
   |        ^^^^^^^^^^^^^^^^
   |
   = note: `#[warn(dead_code)]` on by default

warning: `ahash` (lib) generated 4 warnings
warning: `ahash` (lib) generated 4 warnings (4 duplicates)
   Compiling weft-core v0.1.0 (/private/tmp/weft-build/crates/weft-core)
warning: method `finish` is never used
   --> crates/weft-core/src/syntax.rs:243:19
    |
206 | impl Parser {
    | ----------- method in this implementation
...
243 |     pub(crate) fn finish(&mut self) -> Result<()> {
    |                   ^^^^^^
    |
    = note: `#[warn(dead_code)]` on by default

warning: `weft-core` (lib) generated 1 warning
   Compiling weft-frontend-probe v0.0.0 (/private/tmp/weft-build/tests/frontend/wasm-probe)
    Finished `dev` profile [unoptimized + debuginfo] target(s) in 1.04s
{
  "cases": 636,
  "browser": "153.0.8010.12",
  "playwrightVersion": "1.62.1",
  "wasmBytes": 8120574,
  "wasmSha256": "a6eb95d4691b599c3f6fc4de749e783f9119551d805fb03c9dd8f477faa38710",
  "jsGlueBytes": 6563,
  "imports": [
    {
      "module": "wbg",
      "name": "__wbg___wbindgen_throw_b855445ff6a94295",
      "kind": "function"
    },
    {
      "module": "wbg",
      "name": "__wbindgen_init_externref_table",
      "kind": "function"
    }
  ],
  "initialMemoryBytes": 1703936,
  "finalMemoryBytes": 1769472,
  "networkRequests": [
    "http://weft.spike.test/",
    "http://weft.spike.test/spike.wasm",
    "http://weft.spike.test/spike.js"
  ],
  "nodeGlobals": false,
  "byteParity": true
}
$ bun scripts/check-specs.ts
Checked 43 governed artifacts, 9 schemas, 30 planned criteria and 636 fixture scenarios (1 deliberate schema negatives).
No compiler, database or embedding tests were executed.
Application native frontend decisions: 620
Independent application read results: {"authoredResults": 18, "exactDecimals": true, "bagCounts": true, "duplicateEdges": true, "inverseTraversal": true, "absenceAndEmptyList": true, "nativeExecution": false}
Validated 304 application plans and presence/related-key carrier shapes.
{
  "cases": 620,
  "browser": "153.0.8010.12",
  "playwrightVersion": "1.62.1",
  "wasmBytes": 8120574,
  "wasmSha256": "a6eb95d4691b599c3f6fc4de749e783f9119551d805fb03c9dd8f477faa38710",
  "jsGlueBytes": 6563,
  "imports": [
    {
      "module": "wbg",
      "name": "__wbg___wbindgen_throw_b855445ff6a94295",
      "kind": "function"
    },
    {
      "module": "wbg",
      "name": "__wbindgen_init_externref_table",
      "kind": "function"
    }
  ],
  "initialMemoryBytes": 1703936,
  "finalMemoryBytes": 1900544,
  "networkRequests": [
    "http://weft.spike.test/",
    "http://weft.spike.test/spike.wasm",
    "http://weft.spike.test/spike.js"
  ],
  "nodeGlobals": false,
  "byteParity": true
}
warning: unexpected `cfg` condition value: `128`
   --> vendor/ahash/src/fallback_hash.rs:164:11
    |
164 |     #[cfg(target_pointer_width = "128")]
    |           ^^^^^^^^^^^^^^^^^^^^^^^^^^^^
    |
    = note: expected values for `target_pointer_width` are: `16`, `32`, and `64`
    = note: see <https://doc.rust-lang.org/nightly/rustc/check-cfg/cargo-specifics.html> for more information about checking conditional configuration
    = note: `#[warn(unexpected_cfgs)]` on by default

warning: unexpected `cfg` condition name: `fuzzing`
  --> vendor/ahash/src/random_state.rs:48:58
   |
48 |     if #[cfg(all(feature = "compile-time-rng", any(test, fuzzing)))] {
   |                                                          ^^^^^^^
   |
   = help: expected names are: `docsrs`, `feature`, `folded_multiply`, `specialize`, and `test` and 31 more
   = help: consider using a Cargo feature instead
   = help: or consider adding in `Cargo.toml` the `check-cfg` lint config for the lint:
            [lints.rust]
            unexpected_cfgs = { level = "warn", check-cfg = ['cfg(fuzzing)'] }
   = help: or consider adding `println!("cargo::rustc-check-cfg=cfg(fuzzing)");` to the top of the `build.rs`
   = note: see <https://doc.rust-lang.org/nightly/rustc/check-cfg/cargo-specifics.html> for more information about checking conditional configuration

warning: unexpected `cfg` condition name: `fuzzing`
  --> vendor/ahash/src/random_state.rs:68:54
   |
68 |     } else if #[cfg(all(feature = "runtime-rng", not(fuzzing)))] {
   |                                                      ^^^^^^^
   |
   = help: consider using a Cargo feature instead
   = help: or consider adding in `Cargo.toml` the `check-cfg` lint config for the lint:
            [lints.rust]
            unexpected_cfgs = { level = "warn", check-cfg = ['cfg(fuzzing)'] }
   = help: or consider adding `println!("cargo::rustc-check-cfg=cfg(fuzzing)");` to the top of the `build.rs`
   = note: see <https://doc.rust-lang.org/nightly/rustc/check-cfg/cargo-specifics.html> for more information about checking conditional configuration

warning: methods `read_u128x2`, `read_u128x4`, `read_last_u16`, `read_last_u128x2`, and `read_last_u128x4` are never used
  --> vendor/ahash/src/convert.rs:69:8
   |
64 | pub(crate) trait ReadFromSlice {
   |                  ------------- methods in this trait
...
69 |     fn read_u128x2(&self) -> ([u128; 2], &[u8]);
   |        ^^^^^^^^^^^
70 |     fn read_u128x4(&self) -> ([u128; 4], &[u8]);
   |        ^^^^^^^^^^^
71 |     fn read_last_u16(&self) -> u16;
   |        ^^^^^^^^^^^^^
...
75 |     fn read_last_u128x2(&self) -> [u128; 2];
   |        ^^^^^^^^^^^^^^^^
76 |     fn read_last_u128x4(&self) -> [u128; 4];
   |        ^^^^^^^^^^^^^^^^
   |
   = note: `#[warn(dead_code)]` on by default

warning: `ahash` (lib) generated 4 warnings
warning: `ahash` (lib) generated 4 warnings (4 duplicates)
   Compiling weft-core v0.1.0 (/private/tmp/weft-build/crates/weft-core)
warning: method `finish` is never used
   --> crates/weft-core/src/syntax.rs:243:19
    |
206 | impl Parser {
    | ----------- method in this implementation
...
243 |     pub(crate) fn finish(&mut self) -> Result<()> {
    |                   ^^^^^^
    |
    = note: `#[warn(dead_code)]` on by default

warning: `weft-core` (lib) generated 1 warning
   Compiling weft-backend-probe v0.0.0 (/private/tmp/weft-build/tests/register-backend/probe)
warning: variants `MissingColumns`, `UnknownSource`, `WrongNullable`, `Upgrade`, and `Panics` are never constructed
  --> tests/register-backend/probe/src/../../fixture.rs:12:5
   |
 9 | pub(crate) enum Behavior {
   |                 -------- variants in this enum
...
12 |     MissingColumns,
   |     ^^^^^^^^^^^^^^
...
17 |     UnknownSource,
   |     ^^^^^^^^^^^^^
18 |     WrongNullable,
   |     ^^^^^^^^^^^^^
...
21 |     Upgrade,
   |     ^^^^^^^
22 |     Panics,
   |     ^^^^^^
   |
   = note: `Behavior` has a derived impl for the trait `Clone`, but this is intentionally ignored during dead code analysis
   = note: `#[warn(dead_code)]` on by default

warning: function `modules` is never used
   --> tests/register-backend/probe/src/../../fixture.rs:291:15
    |
291 | pub(crate) fn modules() -> Vec<weft_core::model::ModuleInput> {
    |               ^^^^^^^

warning: `weft-backend-probe` (lib) generated 2 warnings
    Finished `dev` profile [unoptimized + debuginfo] target(s) in 1.48s
Independent fixture SQL execution: {"cases": 26, "sqlExecutions": 7, "sqlite": "3.53.1", "rowsPerExecution": 9, "bagDuplicates": true, "exactUnicode": true, "physicalHomeVariants": true, "productionQualification": false}
Validated 7 emitted third-backend manifest snapshots against the versioned schema.
warning: unexpected `cfg` condition value: `128`
   --> vendor/ahash/src/fallback_hash.rs:164:11
    |
164 |     #[cfg(target_pointer_width = "128")]
    |           ^^^^^^^^^^^^^^^^^^^^^^^^^^^^
    |
    = note: expected values for `target_pointer_width` are: `16`, `32`, and `64`
    = note: see <https://doc.rust-lang.org/nightly/rustc/check-cfg/cargo-specifics.html> for more information about checking conditional configuration
    = note: `#[warn(unexpected_cfgs)]` on by default

warning: unexpected `cfg` condition name: `fuzzing`
  --> vendor/ahash/src/random_state.rs:48:58
   |
48 |     if #[cfg(all(feature = "compile-time-rng", any(test, fuzzing)))] {
   |                                                          ^^^^^^^
   |
   = help: expected names are: `docsrs`, `feature`, `folded_multiply`, `specialize`, and `test` and 31 more
   = help: consider using a Cargo feature instead
   = help: or consider adding in `Cargo.toml` the `check-cfg` lint config for the lint:
            [lints.rust]
            unexpected_cfgs = { level = "warn", check-cfg = ['cfg(fuzzing)'] }
   = help: or consider adding `println!("cargo::rustc-check-cfg=cfg(fuzzing)");` to the top of the `build.rs`
   = note: see <https://doc.rust-lang.org/nightly/rustc/check-cfg/cargo-specifics.html> for more information about checking conditional configuration

warning: unexpected `cfg` condition name: `fuzzing`
  --> vendor/ahash/src/random_state.rs:68:54
   |
68 |     } else if #[cfg(all(feature = "runtime-rng", not(fuzzing)))] {
   |                                                      ^^^^^^^
   |
   = help: consider using a Cargo feature instead
   = help: or consider adding in `Cargo.toml` the `check-cfg` lint config for the lint:
            [lints.rust]
            unexpected_cfgs = { level = "warn", check-cfg = ['cfg(fuzzing)'] }
   = help: or consider adding `println!("cargo::rustc-check-cfg=cfg(fuzzing)");` to the top of the `build.rs`
   = note: see <https://doc.rust-lang.org/nightly/rustc/check-cfg/cargo-specifics.html> for more information about checking conditional configuration

warning: methods `read_u128x2`, `read_u128x4`, `read_last_u16`, `read_last_u128x2`, and `read_last_u128x4` are never used
  --> vendor/ahash/src/convert.rs:69:8
   |
64 | pub(crate) trait ReadFromSlice {
   |                  ------------- methods in this trait
...
69 |     fn read_u128x2(&self) -> ([u128; 2], &[u8]);
   |        ^^^^^^^^^^^
70 |     fn read_u128x4(&self) -> ([u128; 4], &[u8]);
   |        ^^^^^^^^^^^
71 |     fn read_last_u16(&self) -> u16;
   |        ^^^^^^^^^^^^^
...
75 |     fn read_last_u128x2(&self) -> [u128; 2];
   |        ^^^^^^^^^^^^^^^^
76 |     fn read_last_u128x4(&self) -> [u128; 4];
   |        ^^^^^^^^^^^^^^^^
   |
   = note: `#[warn(dead_code)]` on by default

warning: `ahash` (lib) generated 4 warnings
warning: `ahash` (lib) generated 4 warnings (4 duplicates)
warning: method `finish` is never used
   --> crates/weft-core/src/syntax.rs:243:19
    |
206 | impl Parser {
    | ----------- method in this implementation
...
243 |     pub(crate) fn finish(&mut self) -> Result<()> {
    |                   ^^^^^^
    |
    = note: `#[warn(dead_code)]` on by default

warning: `weft-core` (lib) generated 1 warning
   Compiling weft-backend-probe v0.0.0 (/private/tmp/weft-build/tests/register-backend/probe)
warning: variants `MissingColumns`, `UnknownSource`, `WrongNullable`, `Upgrade`, and `Panics` are never constructed
  --> tests/register-backend/probe/src/../../fixture.rs:12:5
   |
 9 | pub(crate) enum Behavior {
   |                 -------- variants in this enum
...
12 |     MissingColumns,
   |     ^^^^^^^^^^^^^^
...
17 |     UnknownSource,
   |     ^^^^^^^^^^^^^
18 |     WrongNullable,
   |     ^^^^^^^^^^^^^
...
21 |     Upgrade,
   |     ^^^^^^^
22 |     Panics,
   |     ^^^^^^
   |
   = note: `Behavior` has a derived impl for the trait `Clone`, but this is intentionally ignored during dead code analysis
   = note: `#[warn(dead_code)]` on by default

warning: function `modules` is never used
   --> tests/register-backend/probe/src/../../fixture.rs:291:15
    |
291 | pub(crate) fn modules() -> Vec<weft_core::model::ModuleInput> {
    |               ^^^^^^^

warning: `weft-backend-probe` (lib) generated 2 warnings
    Finished `dev` profile [unoptimized + debuginfo] target(s) in 0.58s
{
  "cases": 26,
  "browser": "153.0.8010.12",
  "playwrightVersion": "1.62.1",
  "wasmBytes": 8633329,
  "wasmSha256": "450b1ab17fadeaa56873687f0a2b24fc4a6fcf7f51540ab4e0b90b3a2433da8b",
  "jsGlueBytes": 6556,
  "imports": [
    {
      "module": "wbg",
      "name": "__wbg___wbindgen_throw_b855445ff6a94295",
      "kind": "function"
    },
    {
      "module": "wbg",
      "name": "__wbindgen_init_externref_table",
      "kind": "function"
    }
  ],
  "initialMemoryBytes": 1769472,
  "finalMemoryBytes": 1900544,
  "networkRequests": [
    "http://weft.spike.test/",
    "http://weft.spike.test/spike.wasm",
    "http://weft.spike.test/spike.js"
  ],
  "nodeGlobals": false,
  "byteParity": true
}
