warning: unexpected `cfg` condition value: `128`
   --> vendor/ahash/src/fallback_hash.rs:164:11
    |
164 |     #[cfg(target_pointer_width = "128")]
    |           ^^^^^^^^^^^^^^^^^^^^^^^^^^^^
    |
    = note: expected values for `target_pointer_width` are: `16`, `32`, and `64`
    = note: see <https://doc.rust-lang.org/nightly/rustc/check-cfg/cargo-specifics.html> for more information about checking conditional configuration
    = note: `#[warn(unexpected_cfgs)]` on by default

warning: unexpected `cfg` condition name: `fuzzing`
  --> vendor/ahash/src/random_state.rs:48:58
   |
48 |     if #[cfg(all(feature = "compile-time-rng", any(test, fuzzing)))] {
   |                                                          ^^^^^^^
   |
   = help: expected names are: `docsrs`, `feature`, `folded_multiply`, `specialize`, and `test` and 31 more
   = help: consider using a Cargo feature instead
   = help: or consider adding in `Cargo.toml` the `check-cfg` lint config for the lint:
            [lints.rust]
            unexpected_cfgs = { level = "warn", check-cfg = ['cfg(fuzzing)'] }
   = help: or consider adding `println!("cargo::rustc-check-cfg=cfg(fuzzing)");` to the top of the `build.rs`
   = note: see <https://doc.rust-lang.org/nightly/rustc/check-cfg/cargo-specifics.html> for more information about checking conditional configuration

warning: unexpected `cfg` condition name: `fuzzing`
  --> vendor/ahash/src/random_state.rs:68:54
   |
68 |     } else if #[cfg(all(feature = "runtime-rng", not(fuzzing)))] {
   |                                                      ^^^^^^^
   |
   = help: consider using a Cargo feature instead
   = help: or consider adding in `Cargo.toml` the `check-cfg` lint config for the lint:
            [lints.rust]
            unexpected_cfgs = { level = "warn", check-cfg = ['cfg(fuzzing)'] }
   = help: or consider adding `println!("cargo::rustc-check-cfg=cfg(fuzzing)");` to the top of the `build.rs`
   = note: see <https://doc.rust-lang.org/nightly/rustc/check-cfg/cargo-specifics.html> for more information about checking conditional configuration

warning: methods `read_u128x2`, `read_u128x4`, `read_last_u16`, `read_last_u128x2`, and `read_last_u128x4` are never used
  --> vendor/ahash/src/convert.rs:69:8
   |
64 | pub(crate) trait ReadFromSlice {
   |                  ------------- methods in this trait
...
69 |     fn read_u128x2(&self) -> ([u128; 2], &[u8]);
   |        ^^^^^^^^^^^
70 |     fn read_u128x4(&self) -> ([u128; 4], &[u8]);
   |        ^^^^^^^^^^^
71 |     fn read_last_u16(&self) -> u16;
   |        ^^^^^^^^^^^^^
...
75 |     fn read_last_u128x2(&self) -> [u128; 2];
   |        ^^^^^^^^^^^^^^^^
76 |     fn read_last_u128x4(&self) -> [u128; 4];
   |        ^^^^^^^^^^^^^^^^
   |
   = note: `#[warn(dead_code)]` on by default

warning: `ahash` (lib) generated 4 warnings
warning: `ahash` (lib) generated 4 warnings (4 duplicates)
   Compiling weft-core v0.1.0 (/private/tmp/weft-security-main-integration/crates/weft-core)
warning: unused import: `Identity`
 --> crates/weft-core/src/application_scope.rs:8:18
  |
8 |     ir::{Family, Identity, LogicalType},
  |                  ^^^^^^^^
  |
  = note: `#[warn(unused_imports)]` on by default

warning: unused imports: `Column`, `Descriptor`, `LiteralKind`, `Literal`, `Name`, `Record`, `Shape`, and `exact`
 --> crates/weft-core/src/application_resolve.rs:3:25
  |
3 |     application_model::{Descriptor, Shape},
  |                         ^^^^^^^^^^  ^^^^^
...
6 |     exact,
  |     ^^^^^
7 |     ir::{Family, Identity, LogicalType},
8 |     model::{Catalog, Record},
  |                      ^^^^^^
9 |     syntax::{Column, Literal, LiteralKind, Name},
  |              ^^^^^^  ^^^^^^^  ^^^^^^^^^^^  ^^^^

warning: method `terminal_key` is never used
   --> crates/weft-core/src/path_ir.rs:120:12
    |
 52 | impl PathRead {
    | ------------- method in this implementation
...
120 |     pub fn terminal_key(&self) -> &AuthoredKey {
    |            ^^^^^^^^^^^^
    |
    = note: `#[warn(dead_code)]` on by default

warning: `weft-core` (lib test) generated 3 warnings (run `cargo fix --lib -p weft-core --tests` to apply 2 suggestions)
    Finished `test` profile [unoptimized + debuginfo] target(s) in 3.25s
     Running unittests src/lib.rs (/private/tmp/umf-security-weft-bridge-target/debug/deps/weft_core-189cbadb0bdab47b)

running 2 tests
test security_semantic_coverage::tests::independent_template_issuer_refuses_unknown_applicability_catalog_and_prerequisite_drift ... ok
test security_semantic_coverage::tests::independent_template_issuer_matches_authored_originals_false_nodes_and_zero_edge_duties ... ok

test result: ok. 2 passed; 0 failed; 0 ignored; 0 measured; 217 filtered out; finished in 0.06s

