{
  "cases": 32,
  "batchSize": 64,
  "streamingCorpus": false,
  "browser": "148.0.7778.96",
  "playwrightVersion": "1.62.1",
  "wasmBytes": 10556261,
  "wasmSha256": "73cf013ac6b14e07222f81201820cc049975c04fa93e3db8f37813e0712bc046",
  "jsGlueBytes": 6559,
  "imports": [
    {
      "module": "wbg",
      "name": "__wbg___wbindgen_throw_b855445ff6a94295",
      "kind": "function"
    },
    {
      "module": "wbg",
      "name": "__wbindgen_init_externref_table",
      "kind": "function"
    }
  ],
  "initialMemoryBytes": 1835008,
  "finalMemoryBytes": 2031616,
  "networkRequests": [
    "http://weft.spike.test/",
    "http://weft.spike.test/spike.wasm",
    "http://weft.spike.test/spike.js",
    "http://weft.spike.test/wrapper.js"
  ],
  "nodeGlobals": false,
  "byteParity": true
}
