   Compiling ahash v0.8.12 (/private/tmp/weft-security-main-integration/vendor/ahash)
warning: unexpected `cfg` condition value: `128`
   --> vendor/ahash/src/fallback_hash.rs:164:11
    |
164 |     #[cfg(target_pointer_width = "128")]
    |           ^^^^^^^^^^^^^^^^^^^^^^^^^^^^
    |
    = note: expected values for `target_pointer_width` are: `16`, `32`, and `64`
    = note: see <https://doc.rust-lang.org/nightly/rustc/check-cfg/cargo-specifics.html> for more information about checking conditional configuration
    = note: `#[warn(unexpected_cfgs)]` on by default

warning: unexpected `cfg` condition name: `fuzzing`
  --> vendor/ahash/src/random_state.rs:48:58
   |
48 |     if #[cfg(all(feature = "compile-time-rng", any(test, fuzzing)))] {
   |                                                          ^^^^^^^
   |
   = help: expected names are: `docsrs`, `feature`, `folded_multiply`, `specialize`, and `test` and 31 more
   = help: consider using a Cargo feature instead
   = help: or consider adding in `Cargo.toml` the `check-cfg` lint config for the lint:
            [lints.rust]
            unexpected_cfgs = { level = "warn", check-cfg = ['cfg(fuzzing)'] }
   = help: or consider adding `println!("cargo::rustc-check-cfg=cfg(fuzzing)");` to the top of the `build.rs`
   = note: see <https://doc.rust-lang.org/nightly/rustc/check-cfg/cargo-specifics.html> for more information about checking conditional configuration

warning: unexpected `cfg` condition name: `fuzzing`
  --> vendor/ahash/src/random_state.rs:68:54
   |
68 |     } else if #[cfg(all(feature = "runtime-rng", not(fuzzing)))] {
   |                                                      ^^^^^^^
   |
   = help: consider using a Cargo feature instead
   = help: or consider adding in `Cargo.toml` the `check-cfg` lint config for the lint:
            [lints.rust]
            unexpected_cfgs = { level = "warn", check-cfg = ['cfg(fuzzing)'] }
   = help: or consider adding `println!("cargo::rustc-check-cfg=cfg(fuzzing)");` to the top of the `build.rs`
   = note: see <https://doc.rust-lang.org/nightly/rustc/check-cfg/cargo-specifics.html> for more information about checking conditional configuration

warning: methods `read_u128x2`, `read_u128x4`, `read_last_u16`, `read_last_u128x2`, and `read_last_u128x4` are never used
  --> vendor/ahash/src/convert.rs:69:8
   |
64 | pub(crate) trait ReadFromSlice {
   |                  ------------- methods in this trait
...
69 |     fn read_u128x2(&self) -> ([u128; 2], &[u8]);
   |        ^^^^^^^^^^^
70 |     fn read_u128x4(&self) -> ([u128; 4], &[u8]);
   |        ^^^^^^^^^^^
71 |     fn read_last_u16(&self) -> u16;
   |        ^^^^^^^^^^^^^
...
75 |     fn read_last_u128x2(&self) -> [u128; 2];
   |        ^^^^^^^^^^^^^^^^
76 |     fn read_last_u128x4(&self) -> [u128; 4];
   |        ^^^^^^^^^^^^^^^^
   |
   = note: `#[warn(dead_code)]` on by default

   Compiling referencing v0.56.0
warning: `ahash` (lib) generated 4 warnings
   Compiling jsonschema-value v0.56.0
warning: `ahash` (lib) generated 4 warnings (4 duplicates)
   Compiling jsonschema-macros-core v0.56.0
   Compiling jsonschema-macros v0.56.0
   Compiling jsonschema v0.56.0
   Compiling weft-core v0.1.0 (/private/tmp/weft-security-main-integration/crates/weft-core)
warning: unused import: `Identity`
 --> crates/weft-core/src/application_scope.rs:8:18
  |
8 |     ir::{Family, Identity, LogicalType},
  |                  ^^^^^^^^
  |
  = note: `#[warn(unused_imports)]` on by default

warning: unused imports: `Column`, `Descriptor`, `LiteralKind`, `Literal`, `Name`, `Record`, `Shape`, and `exact`
 --> crates/weft-core/src/application_resolve.rs:3:25
  |
3 |     application_model::{Descriptor, Shape},
  |                         ^^^^^^^^^^  ^^^^^
...
6 |     exact,
  |     ^^^^^
7 |     ir::{Family, Identity, LogicalType},
8 |     model::{Catalog, Record},
  |                      ^^^^^^
9 |     syntax::{Column, Literal, LiteralKind, Name},
  |              ^^^^^^  ^^^^^^^  ^^^^^^^^^^^  ^^^^

warning: struct `PlanSchema03` is never constructed
   --> crates/weft-core/src/arithmetic_application_resolve.rs:828:8
    |
828 | struct PlanSchema03;
    |        ^^^^^^^^^^^^
    |
    = note: `#[warn(dead_code)]` on by default

warning: method `finish` is never used
   --> crates/weft-core/src/syntax.rs:245:19
    |
208 | impl Parser {
    | ----------- method in this implementation
...
245 |     pub(crate) fn finish(&mut self) -> Result<()> {
    |                   ^^^^^^

warning: methods `terminal_record` and `terminal_key` are never used
   --> crates/weft-core/src/path_ir.rs:117:12
    |
 52 | impl PathRead {
    | ------------- methods in this implementation
...
117 |     pub fn terminal_record(&self) -> &Identity {
    |            ^^^^^^^^^^^^^^^
...
120 |     pub fn terminal_key(&self) -> &AuthoredKey {
    |            ^^^^^^^^^^^^

warning: associated function `new` is never used
   --> crates/weft-core/src/path_ir.rs:238:12
    |
237 | impl Plan {
    | --------- associated function in this implementation
238 |     pub fn new(p: PlanParts) -> Result<Self> {
    |            ^^^

warning: field `span` is never read
  --> crates/weft-core/src/path_query.rs:23:9
   |
21 |     CountDistinctPathTargets {
   |     ------------------------ field in this variant
22 |         alias: Name,
23 |         span: Span,
   |         ^^^^
   |
   = note: `Output` has derived impls for the traits `Clone` and `Debug`, but these are intentionally ignored during dead code analysis

warning: field `0` is never read
 --> crates/weft-core/src/security_rule_occurrences.rs:8:38
  |
8 | pub(crate) enum RulePayload<'a>{Rule(&'a Rule),Condition(&'a Expression),Operand(&'a Term),Disclosure{field:&'a SecurityRef,disposition:&...
  |                                 ---- ^^^^^^^^
  |                                 |
  |                                 field in this variant
  |
  = note: `RulePayload` has a derived impl for the trait `Debug`, but this is intentionally ignored during dead code analysis
help: consider changing the field to be of unit type to suppress this warning while preserving the field numbering, or remove the field
  |
8 - pub(crate) enum RulePayload<'a>{Rule(&'a Rule),Condition(&'a Expression),Operand(&'a Term),Disclosure{field:&'a SecurityRef,disposition:&'a Disposition}}
8 + pub(crate) enum RulePayload<'a>{Rule(()),Condition(&'a Expression),Operand(&'a Term),Disclosure{field:&'a SecurityRef,disposition:&'a Disposition}}
  |

warning: field `0` is never read
 --> crates/weft-core/src/security_rule_occurrences.rs:8:58
  |
8 | pub(crate) enum RulePayload<'a>{Rule(&'a Rule),Condition(&'a Expression),Operand(&'a Term),Disclosure{field:&'a SecurityRef,disposition:&...
  |                                                --------- ^^^^^^^^^^^^^^
  |                                                |
  |                                                field in this variant
  |
  = note: `RulePayload` has a derived impl for the trait `Debug`, but this is intentionally ignored during dead code analysis
help: consider changing the field to be of unit type to suppress this warning while preserving the field numbering, or remove the field
  |
8 - pub(crate) enum RulePayload<'a>{Rule(&'a Rule),Condition(&'a Expression),Operand(&'a Term),Disclosure{field:&'a SecurityRef,disposition:&'a Disposition}}
8 + pub(crate) enum RulePayload<'a>{Rule(&'a Rule),Condition(()),Operand(&'a Term),Disclosure{field:&'a SecurityRef,disposition:&'a Disposition}}
  |

warning: field `0` is never read
 --> crates/weft-core/src/security_rule_occurrences.rs:8:82
  |
8 | pub(crate) enum RulePayload<'a>{Rule(&'a Rule),Condition(&'a Expression),Operand(&'a Term),Disclosure{field:&'a SecurityRef,disposition:&...
  |                                                                          ------- ^^^^^^^^
  |                                                                          |
  |                                                                          field in this variant
  |
  = note: `RulePayload` has a derived impl for the trait `Debug`, but this is intentionally ignored during dead code analysis
help: consider changing the field to be of unit type to suppress this warning while preserving the field numbering, or remove the field
  |
8 - pub(crate) enum RulePayload<'a>{Rule(&'a Rule),Condition(&'a Expression),Operand(&'a Term),Disclosure{field:&'a SecurityRef,disposition:&'a Disposition}}
8 + pub(crate) enum RulePayload<'a>{Rule(&'a Rule),Condition(&'a Expression),Operand(()),Disclosure{field:&'a SecurityRef,disposition:&'a Disposition}}
  |

warning: fields `field` and `disposition` are never read
 --> crates/weft-core/src/security_rule_occurrences.rs:8:103
  |
8 | ...,Condition(&'a Expression),Operand(&'a Term),Disclosure{field:&'a SecurityRef,disposition:&'a Disposition}}
  |                                                 ---------- ^^^^^                 ^^^^^^^^^^^
  |                                                 |
  |                                                 fields in this variant
  |
  = note: `RulePayload` has a derived impl for the trait `Debug`, but this is intentionally ignored during dead code analysis

warning: `weft-core` (lib) generated 11 warnings (run `cargo fix --lib -p weft-core` to apply 2 suggestions)
warning: method `terminal_key` is never used
   --> crates/weft-core/src/path_ir.rs:120:12
    |
 52 | impl PathRead {
    | ------------- method in this implementation
...
120 |     pub fn terminal_key(&self) -> &AuthoredKey {
    |            ^^^^^^^^^^^^
    |
    = note: `#[warn(dead_code)]` on by default

warning: variant `Upgrade` is never constructed
  --> crates/weft-core/../../tests/compile/../register-backend/fixture.rs:21:5
   |
 9 | pub(crate) enum Behavior {
   |                 -------- variant in this enum
...
21 |     Upgrade,
   |     ^^^^^^^
   |
   = note: `Behavior` has a derived impl for the trait `Clone`, but this is intentionally ignored during dead code analysis
   = note: `#[warn(dead_code)]` on by default

warning: function `target` is never used
   --> crates/weft-core/../../tests/compile/../register-backend/fixture.rs:297:15
    |
297 | pub(crate) fn target(candidate: bool) -> Target {
    |               ^^^^^^

warning: `weft-core` (test "compile-envelope") generated 2 warnings
warning: `weft-core` (lib test) generated 3 warnings (2 duplicates)
    Finished `test` profile [unoptimized + debuginfo] target(s) in 45.68s
     Running unittests src/lib.rs (/private/tmp/umf-security-weft-bridge-target/debug/deps/weft_core-189cbadb0bdab47b)

running 213 tests
test arithmetic_syntax::tests::precedence_association_tokens_and_spans ... ok
test arithmetic_query::tests::aggregate_and_order_positions_remain_field_only ... ok
test arithmetic_query::tests::commerce_arithmetic_in_projection_filter_and_join ... ok
test arithmetic_resolve::tests::mathematical_integer_and_original_field_facets ... ok
test arithmetic_query::tests::new_comparison_tokens_are_closed_and_old_tuples_remain ... ok
test arithmetic_resolve::tests::exact_scale_and_token_retention ... ok
test arithmetic_query::tests::operator_free_comparisons_preserve_existing_semantics ... ok
test arithmetic_syntax::tests::nesting_and_tree_depth_boundaries ... ok
test arithmetic_resolve::tests::invalid_and_unavailable_numeric_meaning_refuses ... ok
test arithmetic_syntax::tests::common_budget_and_literal_boundaries ... ok
test arithmetic_syntax::tests::unsupported_constructs_and_old_profile_isolation ... ok
test arithmetic_query::tests::one_budget_for_entire_query_and_old_profile_isolation ... ok
test backend03::tests::obligation_conflicts_and_bounded_metadata_refuse ... ok
test backend03::tests::view_retains_full_original_identity_and_binding_digest_gate ... ok
test backend::tests::obligations_are_retained_sorted_and_conflicts_refuse ... ok
test backend03::tests::closed_manifest_and_old_interface_refuse ... ok
test backend_emission::tests::exact_numeric_slots_refuse_invalid_domains_and_lexemes ... ok
test backend_emission::tests::initial_plan_requires_projection_root_before_output_validation ... ok
test backend_emission::tests::numeric_results_require_exact_text_decoders ... ok
test backend03::tests::all_declared_path_capabilities_refuse_before_binding ... ok
test backend_emission::tests::parameter_domain_guards_have_exact_diagnostics ... ok
test backend03::tests::manifest_identifiers_and_obligation_codes_preserve_original_rejection_rules ... ok
test arithmetic_application_resolve::tests::count_distinct_and_string_in_closed_ir_refuse_domain_and_slot_mutations ... ok
test arithmetic_application_resolve::tests::arithmetic_join_projection_and_exact_domain ... ok
test backend_emission::tests::scalar_carriers_preserve_family_nullability_and_facets ... ok
test backend03::tests::repeated_fields_require_the_exact_positioned_custody_obligation ... ok
test backend03::tests::registry_success_and_edge_source_refusals_before_assessment ... ok
test backend03::tests::left_match_integrity_requires_exact_immutable_record_source ... ok
test backend03::tests::expansion_counts_require_complete_target_identity_and_both_capacities ... ok
test backend03::tests::ordinary_type_and_exact_parameter_domains_remain_closed ... ok
test backend::tests::arithmetic_selection_retains_original_operands_and_versions ... ok
test backend03::tests::full_path_emission_and_exact_hop_schema_inventory ... ok
test json::bounded_transport_tests::byte_limits_count_utf8_and_whitespace ... ok
test json::bounded_transport_tests::charged_reader_uses_the_callers_actual_remaining_work ... ok
test json::bounded_transport_tests::duplicate_members_and_malformed_json_refuse ... ok
test json::bounded_transport_tests::depth_counts_root_and_nodes_count_values_not_names ... ok
test json::bounded_transport_tests::ordinary_reserved_looking_objects_survive_every_reader ... ok
test compile::v04::tests::old_transport_keeps_refusing_new_pair ... ok
test backend_emission::tests::outer_join_metadata_binds_scan_record_and_unprojected_match_guards ... ok
test backend_emission::tests::arithmetic_output_retains_exact_derived_domains ... ok
test backend_emission::tests::positioned_metadata_refuses_incomplete_colliding_or_reordered_cells ... ok
test path_application_resolve::tests::old_version_entrypoints_still_refuse_new_path_queries ... ok
test backend_emission::tests::presence_and_native_null_require_qualified_descriptors ... ok
test path_application_resolve::tests::legacy_only_queries_keep_the_same_resolved_members ... ok
test compile::v04::tests::explicit_candidate_fixture_preserves_original_path_metadata ... ok
test arithmetic_application_resolve::tests::null03_closed_ir_preserves_nonnullable_ideal_and_boolean_operator ... ok
test path_application_resolve::tests::left_join_roots_keep_original_scan_and_outer_join_metadata ... ok
test path_application_resolve::tests::ordinary_join_filter_group_legacy_having_order_and_parameters_share_semantics ... ok
test path_ir::tests::collection_and_count_schema_correspondence ... ok
test path_ir::tests::alternative_intermediate_keys_and_parallel_path_structure_survive ... ok
test path_ir::tests::endpoint_key_and_paging_metadata_refuse ... ok
test path_ir::tests::impossible_paths_and_spans_refuse ... ok
test path_ir::tests::pin_only_mutation_refuses_before_root_correspondence ... ok
test path_ir::tests::stage_root_count_and_collision_refuse ... ok
test path_ir::tests::legacy_aggregates_are_not_opaque ... ok
test path_query::tests::escaped_unicode_names_and_optional_as_keep_original_byte_offsets ... ok
test path_ir::tests::original_catalog_cross_module_key_is_preserved ... ok
test path_query::tests::expansion_follows_ordinary_joins_and_keeps_legacy_tail ... ok
test path_query::tests::expansion_placement_arity_alias_and_trailing_tokens_are_closed ... ok
test compile::v04::tests::malformed_json_and_foreign_diagnostics_have_closed_refusals ... ok
test backend_emission::tests::related_result_metadata_preserves_authored_key_and_bound ... ok
test path_query::tests::original_commerce_collection_preserves_function_and_operand_spans ... ok
test path_query::tests::old_entrypoints_continue_to_refuse_new_query_forms ... ok
test path_query::tests::new_having_forms_are_not_silently_admitted ... ok
test path_query::tests::original_commerce_expansion_and_both_counts_retain_occurrence_spans ... ok
test path_query::tests::row_count_having_is_version_gated_and_keeps_original_star_span ... ok
test path_query::tests::syntax_does_not_claim_resolver_admission ... ok
test arithmetic_application_resolve::tests::distinct03_closed_member_is_true_only_and_absent_on_old_plans ... ok
test path_application_resolve::tests::original_commerce_collection_keeps_pins_relationships_keys_and_spans ... ok
test arithmetic_application_resolve::tests::having_count_closed_schema_and_original_spans ... ok
test path_query::tests::shared_limits_cover_all_query_segments ... ok
test path_application_resolve::tests::grouped_and_global_counts_use_one_complete_expansion_and_exact_integer ... ok
test path_syntax::tests::bound_endpoints_and_invalid_literal_domains ... ok
test path_syntax::tests::distinct_target_alias_has_its_original_name_span ... ok
test path_syntax::tests::fragments_leave_surrounding_query_tokens_to_the_existing_parser ... ok
test path_syntax::tests::original_commerce_collection_operands_and_spans ... ok
test path_syntax::tests::function_arity_aliases_and_trailing_syntax_refuse ... ok
test path_syntax::tests::qualified_first_and_single_second_names_are_required ... ok
test path_application_resolve::tests::separately_declared_inverse_and_optional_count_fixture_keeps_own_semantics ... ok
test path_syntax::tests::quoted_escaping_unicode_bytes_and_case_folding ... ok
test security_association_ref::tests::all_qualified_components_and_unicode_spelling_remain_distinct ... ok
test security_association_ref::tests::malformed_or_ambiguous_selectors_refuse ... ok
test security_association_ref::tests::reference_shapes_roundtrip_without_record_graph_namespace_erasure ... ok
test security_candidate_dependencies::tests::dependency_budgets_refuse_work_and_text_exhaustion ... ok
test security_candidate_dependencies::tests::graph_endpoint_charges_every_retained_identifier_copy_before_issuance ... ok
test path_syntax::tests::shared_lexer_limits_and_existing_frontend_refusals_remain ... ok
test path_resolve::tests::alias_case_quoting_and_ambiguity_follow_existing_scope ... ok
test path_resolve::tests::separately_declared_inverse_fixture_preserves_orientation ... ok
test path_resolve::tests::unchanged_original_commerce_and_name_spans ... ok
test path_resolve::tests::missing_alias_relationship_and_stale_root_refuse ... ok
test path_ir::tests::complete_local_schema_and_pin_refusals ... ok
test path_resolve::tests::equal_local_names_remain_scoped_to_original_document_revision ... ok
test security_candidate_incidence::tests::aggregate_normalized_storage_is_bounded_before_retention ... ok
test security_candidate_incidence::tests::empty_unused_populations_require_declared_supported_relationships ... ok
test security_candidate_incidence::tests::equal_numeric_carriers_retain_distinct_domains_and_catalog_custody ... ok
test security_candidate_incidence::tests::empty_graph_quantifier_cannot_hide_unsupported_nested_profiles ... ok
test path_application_resolve::tests::scalar_parameter_occurrences_and_surplus_rules_remain_shared ... ok
test compile::v04::tests::exact_envelope_and_resolution_precede_composition ... ok
test security_candidate_incidence::tests::fact_budget_accumulates_across_coherent_fields_in_both_orders ... ok
test path_application_resolve::tests::alias_binding_is_separate_from_record_and_field_scope ... ok
test security_candidate_incidence::tests::entity_identity_preserves_key_order_exact_numbers_and_domains ... ok
test path_application_resolve::tests::aggregate_classification_collection_composition_and_labels_are_closed ... ok
test security_candidate_incidence::tests::matching_first_bundle_cannot_hide_later_source_substitution ... ok
test path_query::tests::legacy_fixture_asts_and_diagnostics_keep_original_spans ... ok
test security_candidate_incidence::tests::identity_payload_budgets_and_unused_binding_checks_are_isolated ... ok
test resolve::tests::typed_ast_resolver_literal_boundary_and_empty_join_refusal ... ok
test security_composition::tests::complete_strong_kleene_tables_and_bounds ... ok
test security_candidate_incidence::tests::graph_ir_budgets_are_charged_after_a_first_matching_witness ... ok
test security_composition::tests::portable_typescript_truth_corpus_correspondence ... ok
test security_candidate_incidence::tests::raw_composite_endpoint_retains_order_domain_and_source_custody ... ok
test security_candidate_incidence::tests::bundle_requires_complete_distinct_role_specific_endpoints ... ok
test security_evaluation::faithful_fact_tests::raw_literal_objects_cannot_masquerade_through_typed_fact_consumers ... ok
test security_composition::tests::missing_protected_disposition_false_permit_and_mask_conflict ... ok
test security_candidate_incidence::tests::raw_witness_projects_endpoints_from_one_source_bound_record ... ok
test security_composition::tests::transform_identity_uses_exact_value_and_qualified_output_domain ... ok
test arithmetic_application_resolve::tests::grouped_leaves_and_parameter_occurrences ... ok
test security_evaluation::tests::record_fact_evaluator_refuses_graph_variants_instead_of_empty_relations ... ok
test security_ir::tests::existential_ir_preserves_record_and_relationship_reference_shapes ... ok
test security_ir::tests::plan_reuse_refuses_mutated_prepared_definitions ... ok
test security_obligation_custody::faithful_parameter_tests::malformed_manifest_roots_refuse_without_panicking ... ok
test security_candidate_incidence::tests::graph_rule_matches_subject_and_resource_exact_logical_identities ... ok
test security_obligation_custody::faithful_parameter_tests::typed_status_and_owner_do_not_accept_object_enum_carriers ... ok
test security_obligation_custody::tests::closed_projection_preserves_complete_declared_inventory ... ok
test security_obligation_custody::tests::complete_inventory_and_repeated_provenance_are_retained ... ok
test security_obligation_custody::tests::diamond_dag_shared_dependencies_and_isolated_cycle_are_distinct ... ok
test security_obligation_custody::tests::exact_inventory_budget_and_parameter_depth_are_atomic ... ok
test security_obligation_custody::tests::exact_selection_retains_empty_capabilities_from_immutable_registration ... ok
test security_obligation_custody::tests::host_reconstruction_requires_exact_bytes_and_target ... ok
test security_candidate_incidence::tests::original_graph_ir_preserves_nested_outer_witness_correlation ... ok
test security_obligation_custody::tests::incomplete_duplicate_inapplicable_and_status_selection_refuse ... ok
test security_obligation_custody::tests::original_bytes_and_opaque_parameters_survive_callback_drift ... ok
test security_obligation_custody::tests::prerequisites_resolve_only_in_complete_selected_capability_inventory ... ok
test security_obligation_custody::tests::prerequisite_closure_and_disconnected_cycles_refuse_atomically ... ok
test security_obligation_custody::tests::projection_work_and_utf8_limits_refuse_before_returning_inventory ... ok
test security_obligation_custody::tests::repeated_id_parameter_owner_and_failure_code_conflicts_refuse ... ok
test security_obligation_custody::tests::scoped_decoder_refuses_ambiguous_subjects_and_legacy_parameters ... ok
test security_evaluation::tests::nested_same_type_relation_and_bag_multiplicity_are_preserved ... ok
test security_obligation_custody::tests::scoped_decoder_retains_paired_subjects_originals_and_all_origins ... ok
test security_obligation_custody::tests::shared_obligation_comparisons_have_independent_budget_cost ... ok
test security_obligation_custody::tests::unknown_projection_meaning_owner_and_carriers_refuse ... ok
test security_obligation_sources::tests::rule_retention_requires_exact_owner_pointer_and_independent_copy_budget ... ok
test security_obligation_sources::tests::tuple_encoding_preserves_escaping_boundaries_and_exact_utf8_limits ... ok
test security_obligation_sources::tests::typed_events_reject_category_aliasing_and_charge_the_retained_copy ... ok
test security_obligation_custody::faithful_parameter_tests::raw_manifest_reserved_looking_keys_are_ordinary_opaque_members ... ok
test security_candidate_incidence::tests::raw_population_admission_budgets_identity_and_all_sources ... ok
test security_evaluation::tests::unknown_cut_members_and_key_field_mismatch_refuse ... ok
test security_candidate_incidence::tests::existential_simulation_keeps_both_endpoints_on_the_same_bundle ... ok
test security_obligation_custody::tests::scoped_decoder_checks_disconnected_dag_and_repeated_origin_expansion_bound ... ok
test arithmetic_application_resolve::tests::additive_comparisons_retain_scope_constraints_and_closed_ir ... ok
test security_candidate_incidence::tests::stored_and_context_same_field_are_independent_channels ... ok
test security_query_profile::tests::actual_resolved_predicate_derives_profile_action_without_caller_annotation ... ok
test security_query_profile::tests::mapping_handoff_keeps_self_join_occurrences_and_field_free_count_authority ... ok
test security_candidate_incidence::tests::authored_abac_graph_rule_uses_exact_resource_fields_and_subject_identity ... ok
test security_query_uses::tests::extraction_covers_every_operator_and_both_join_occurrences ... ok
test security_query_uses::tests::ordered_alias_outputs_survive_dependency_deduplication_and_stale_models_refuse ... ok
test security_query_uses::tests::field_free_counts_preserve_scan_and_keyset_fields_are_predicate_uses ... ok
test security_query_profile::tests::bound_action_is_derived_and_unrelated_granted_action_cannot_substitute ... ok
test security_candidate_incidence::tests::mixed_raw_ownership_and_graph_membership_keep_project_correlation ... ok
test security_record_homes::tests::exact_integer_native_image_never_rounds_or_expands_unboundedly ... ok
test security_query_profile::tests::mapping_handoff_preserves_plan_identity_dependencies_and_source_refusal ... ok
test security_query_profile::tests::complete_qualified_bindings_unknown_meaning_and_exact_pins_are_required ... ok
test security_query_profile::tests::original_action_false_branches_and_context_are_retained_without_constant_fact_reads ... ok
test security_query_profile::tests::profile_reuse_is_exact_source_custody_not_a_native_mapping_claim ... ok
test security_query_profile::tests::scan_obligations_preserve_correlated_keys_and_field_free_count_dependencies ... ok
test security_record_homes::tests::late_key_and_role_matches_consume_each_comparison ... ok
test security_record_homes::tests::actual_context_dependencies_refuse_even_under_false_branches ... ok
test security_requirements::tests::budget_refuses_before_allocation_or_underflow ... ok
test security_obligation_sources::tests::demand_retention_merges_edges_and_refuses_exact_bound_overrun ... ok
test security_composition::tests::all_permit_require_forbid_truths_and_rule_order ... ok
test security_rule_occurrences::tests::exact_paths_keep_false_empty_nodes_operands_and_repeated_disclosures ... ok
test security_result_check::tests::normalized_numeric_payload_is_charged_independently_of_short_tokens ... ok
test security_rule_occurrences::tests::independent_small_ledger_accounts_for_stack_and_each_owned_path ... ok
test security_scan_obligations::tests::inventory_work_and_identifier_text_limits_refuse_before_underflow ... ok
test security_scan_obligations::tests::record_inventory_collector_refuses_graph_namespaces_before_inventing_reads ... ok
test security_record_homes::tests::single_budget_refuses_before_partial_correspondence ... ok
test security_requirements::derivation_tests::actual_admitted_count_cannot_issue_requirements_after_work_or_text_exhaustion ... ok
test security_semantic_coverage::tests::allocation_relation_bounds_refuse_empty_duplicate_scope_and_overflow ... ok
test security_rule_occurrences::tests::exact_occurrence_and_depth_boundaries_refuse_without_returning_inventory ... ok
test security_semantic_coverage::tests::closed_domain_grammar_refuses_unknown_positional_duplicate_and_numeric_meaning ... ok
test security_record_homes::tests::same_domain_composite_endpoints_keep_position_and_own_association_key ... ok
test security_semantic_coverage::tests::actual_owner_coverage_keeps_whole_conditions_selection_and_output_positions ... ok
test security_semantic_coverage::tests::allocation_issuer_borrows_actual_registration_and_context_after_callback_drift ... ok
test security_semantic_coverage::tests::false_branch_retains_whole_correlated_condition_at_exact_declared_bounds ... ok
test security_semantic_coverage::tests::entire_component_budget_refuses_before_lookup_copy_or_matching_overrun ... ok
test security_semantic_coverage::tests::actual_context_and_original_authorized_modes_keep_source_channels ... ok
test security_record_homes::tests::actual_raw_typed_and_discriminated_homes_keep_natural_keys_and_scan_occurrences ... ok
test security_semantic_coverage::tests::composite_key_sources_retain_actual_same_domain_member_order ... ok
test security_semantic_coverage::tests::issued_allocations_keep_all_complete_candidates_without_fragment_union ... ok
test security_semantic_coverage::tests::issued_allocations_keep_original_authorized_action_separate_from_read ... ok
test security_semantic_coverage::tests::issued_selfjoin_allocations_preserve_scopes_and_whole_application ... ok
test security_record_homes::tests::known_literal_native_images_survive_false_branches_and_empty_results ... ok
test security_semantic_coverage::tests::issued_source_demands_accumulate_distinct_original_actions_on_one_field ... ok
test security_semantic_coverage::tests::field_free_count_and_selfjoin_keep_actual_plan_requirements ... ok
test security_semantic_coverage::tests::issued_source_demands_keep_output_selfjoin_and_false_branch_ownership ... ok
test security_semantic_coverage::tests::partial_capabilities_source_substitution_and_unknown_selected_targets_refuse ... ok
test security_semantic_coverage::tests::issued_source_demands_match_independent_complete_fixture_map_and_exact_budgets ... ok
test security_semantic_coverage::tests::issued_source_demands_preserve_disjoint_candidates_and_zero_edge_selection ... ok
test security_record_homes::tests::exact_registration_pins_and_closed_transport_refuse ... ok
test security_semantic_coverage::tests::rule_event_custody_retains_both_scan_and_action_coordinates ... ok
test security_record_homes::tests::metadata_only_transforms_and_selected_unknown_meaning_are_checked ... ok
test security_semantic_coverage::tests::source_paths_preserve_selfjoin_occurrences_and_field_free_count ... ok
test security_semantic_coverage::tests::projected_sources_require_actual_complete_owner_inventory ... ok
test security_semantic_coverage::tests::scoped_matching_uses_actual_owner_demands_and_independent_required_contracts ... ok
test security_record_homes::tests::complete_actual_keys_endpoints_fields_and_revisions_cannot_be_substituted ... ok
test security_semantic_coverage::tests::scoped_matching_refuses_agreeing_fragments_and_foreign_subjects_but_allows_distinct_complete_scopes ... ok
test security_evaluation::faithful_fact_tests::actual_simulation_refuses_raw_value_wrapped_keys_fields_and_context ... ok
test security_record_homes::tests::source_reuse_partition_carrier_and_subject_correspondence_are_distinct ... ok
test security_candidate_incidence::tests::record_backed_graph_fields_stay_with_their_edge_endpoints ... ok
test security_semantic_coverage::tests::scoped_instance_matching_requires_all_kinds_at_one_origin ... ok
test security_evaluation::tests::repeated_large_identity_work_refuses_without_returning_an_admitted_prefix ... ok
test security_evaluation::tests::portable_project_membership_and_whole_collection_refusal_correspondence ... ok
test compile::v04::tests::transport_byte_budgets_precede_composition ... ok
test security_candidate_incidence::tests::existential_simulation_matches_independent_finite_edge_oracle ... ok

test result: ok. 213 passed; 0 failed; 0 ignored; 0 measured; 0 filtered out; finished in 2.32s

     Running unittests src/bin/frontend.rs (/private/tmp/umf-security-weft-bridge-target/debug/deps/frontend-b34965b2d55d1892)

running 0 tests

test result: ok. 0 passed; 0 failed; 0 ignored; 0 measured; 0 filtered out; finished in 0.00s

     Running ../../tests/application/model.rs (/private/tmp/umf-security-weft-bridge-target/debug/deps/application_model-1daae55e5229df61)

running 18 tests
test ordered_members_and_optional_availability ... ok
test ordered_list_items_have_exact_leaf_types ... ok
test authored_relationship_and_inverse_keep_identity_and_key ... ok
test keys_require_required_member_scalars ... ok
test unrelated_unknown_member_does_not_block_explicit_known_projection ... ok
test recursive_structure_is_an_identity_graph ... ok
test ambiguous_relationship_and_unkeyed_inverse_refuse ... ok
test unknown_selected_meaning_is_not_dropped ... ok
test duplicate_authored_key_identity_and_primary_precedence_are_explicit ... ok
test unsupported_relationship_meanings_refuse ... ok
test graph_dependencies_maps_and_member_ambiguity_are_explicit ... ok
test relationship_selection_missing_duplicate_and_endpoint_roles_are_explicit ... ok
test authored_key_and_relationship_endpoint_guards_are_explicit ... ok
test catalog_admission_refusal_branches_are_explicit ... ok
test selected_member_and_compound_meaning_guards_have_exact_diagnostics ... ok
test deep_reference_graph_refuses_without_recursing_forever ... ok
test owning_document_and_selection_limits_are_explicit ... ok
test selected_graph_depth_and_identity_boundaries_are_explicit ... ok

test result: ok. 18 passed; 0 failed; 0 ignored; 0 measured; 0 filtered out; finished in 9.57s

     Running ../../tests/application/resolve.rs (/private/tmp/umf-security-weft-bridge-target/debug/deps/application_resolve-1f5e0fa26bdabcc9)

running 9 tests
test parameters_intersect_all_use_domains ... ok
test plans_keep_domains_presence_join_bags_and_cursors ... ok
test application_parameter_and_read_recognizer_refusals_are_explicit ... ok
test explicit_profile_version_and_parameter_map_bounds ... ok
test direct_parameter_boundaries_and_quoted_parameter_guard ... ok
test application_predicate_scan_occurrence_and_numeric_result_branches ... ok
test entity_expansion_boundary_and_empty_typed_projection ... ok
test original_valid_queries_remain_valid_in_explicit_02 ... ok
test application_acceptance_and_refusals ... ok

test result: ok. 9 passed; 0 failed; 0 ignored; 0 measured; 0 filtered out; finished in 0.90s

     Running ../../tests/application/syntax.rs (/private/tmp/umf-security-weft-bridge-target/debug/deps/application_syntax-4aaf60704c553aed)

running 6 tests
test count_and_literal_values ... ok
test application_constructs_preserve_structure ... ok
test explicit_version_does_not_expand_original_parser ... ok
test excluded_and_malformed_constructs_refuse ... ok
test shared_lexer_retains_quoted_names_literals_and_source_forms ... ok
test shared_lexer_and_parser_refusals_preserve_utf8_spans ... ok

test result: ok. 6 passed; 0 failed; 0 ignored; 0 measured; 0 filtered out; finished in 0.00s

     Running ../../tests/register-backend/pipeline.rs (/private/tmp/umf-security-weft-bridge-target/debug/deps/backend_pipeline-804e4a495d344f34)

running 18 tests
test registration_description_errors_are_atomic ... ok
test old_backend_refuses_arithmetic_before_binding_or_lowering ... ok
test binding_digest_revision_injection_and_selected_unknown_refuse ... ok
test candidate_qualification_and_no_upgrade ... ok
test adapter_dispatch_guards_refuse_before_lowering ... ok
test selected_type_and_relationship_coverage_refuse_before_assessment ... ok
test emitter_cannot_change_outputs_or_parameter_domains ... ok
test atomic_refusals_and_no_implicit_selection ... ok
test capability_assessment_guards_prevent_lowering ... ok
test obligation_merge_refuses_conflicts_and_preserves_requirements ... ok
test language_and_binding_root_guards_precede_backend_validation ... ok
test mapping_derived_capabilities_are_qualified_and_deduplicate_plan_requirements ... ok
test selected_identity_coverage_is_revision_exact ... ok
test obligations_merge_across_declaration_assessment_and_emission ... ok
test third_backend_registration_for_both_plan_versions ... ok
test emission_bounds_slots_and_column_provenance_refuse ... ok
test capability_declarations_bind_selected_target_language_and_status ... ok
test registration_snapshots_manifest_once_for_both_ir_versions ... ok

test result: ok. 18 passed; 0 failed; 0 ignored; 0 measured; 0 filtered out; finished in 0.10s

     Running ../../tests/register-backend/registry.rs (/private/tmp/umf-security-weft-bridge-target/debug/deps/backend_registry-db4d7f9f49a2b1b7)

running 9 tests
test malformed_json_known_members_and_repeated_capability_languages_refuse ... ok
test capability_declaration_guards_refuse_at_their_exact_phase ... FAILED
test arithmetic_language_requires_exact_explicit_profile ... ok
test supported_requires_declared_evidence_candidate_remains_distinct ... ok
test duplicate_declarations_and_unknown_shapes_refuse ... ok
test manifest_versions_and_profile_capability_binding ... ok
test target_profiles_require_each_identity_and_object_settings ... FAILED
test manifest_identity_evidence_and_language_guards_are_independent ... ok
test manifest_collection_and_byte_limits_admit_the_boundary ... ok

failures:

---- capability_declaration_guards_refuse_at_their_exact_phase stdout ----

thread 'capability_declaration_guards_refuse_at_their_exact_phase' panicked at crates/weft-core/../../tests/register-backend/registry.rs:127:9:
assertion `left == right` failed: logicalDomain
  left: "WFT-BACKEND-VERSION"
 right: "WFT-CAPABILITY"
note: run with `RUST_BACKTRACE=1` environment variable to display a backtrace

---- target_profiles_require_each_identity_and_object_settings stdout ----

thread 'target_profiles_require_each_identity_and_object_settings' panicked at crates/weft-core/../../tests/register-backend/registry.rs:92:9:
assertion `left == right` failed
  left: "Opaque declaration member must be an object"
 right: "Target profiles must be distinct, pinned and structurally explicit"


failures:
    capability_declaration_guards_refuse_at_their_exact_phase
    target_profiles_require_each_identity_and_object_settings

test result: FAILED. 7 passed; 2 failed; 0 ignored; 0 measured; 0 filtered out; finished in 0.05s

error: test failed, to rerun pass `-p weft-core --test backend-registry`
