warning: unexpected `cfg` condition value: `128`
   --> vendor/ahash/src/fallback_hash.rs:164:11
    |
164 |     #[cfg(target_pointer_width = "128")]
    |           ^^^^^^^^^^^^^^^^^^^^^^^^^^^^
    |
    = note: expected values for `target_pointer_width` are: `16`, `32`, and `64`
    = note: see <https://doc.rust-lang.org/nightly/rustc/check-cfg/cargo-specifics.html> for more information about checking conditional configuration
    = note: `#[warn(unexpected_cfgs)]` on by default

warning: unexpected `cfg` condition name: `fuzzing`
  --> vendor/ahash/src/random_state.rs:48:58
   |
48 |     if #[cfg(all(feature = "compile-time-rng", any(test, fuzzing)))] {
   |                                                          ^^^^^^^
   |
   = help: expected names are: `docsrs`, `feature`, `folded_multiply`, `specialize`, and `test` and 31 more
   = help: consider using a Cargo feature instead
   = help: or consider adding in `Cargo.toml` the `check-cfg` lint config for the lint:
            [lints.rust]
            unexpected_cfgs = { level = "warn", check-cfg = ['cfg(fuzzing)'] }
   = help: or consider adding `println!("cargo::rustc-check-cfg=cfg(fuzzing)");` to the top of the `build.rs`
   = note: see <https://doc.rust-lang.org/nightly/rustc/check-cfg/cargo-specifics.html> for more information about checking conditional configuration

warning: unexpected `cfg` condition name: `fuzzing`
  --> vendor/ahash/src/random_state.rs:68:54
   |
68 |     } else if #[cfg(all(feature = "runtime-rng", not(fuzzing)))] {
   |                                                      ^^^^^^^
   |
   = help: consider using a Cargo feature instead
   = help: or consider adding in `Cargo.toml` the `check-cfg` lint config for the lint:
            [lints.rust]
            unexpected_cfgs = { level = "warn", check-cfg = ['cfg(fuzzing)'] }
   = help: or consider adding `println!("cargo::rustc-check-cfg=cfg(fuzzing)");` to the top of the `build.rs`
   = note: see <https://doc.rust-lang.org/nightly/rustc/check-cfg/cargo-specifics.html> for more information about checking conditional configuration

warning: methods `read_u128x2`, `read_u128x4`, `read_last_u16`, `read_last_u128x2`, and `read_last_u128x4` are never used
  --> vendor/ahash/src/convert.rs:69:8
   |
64 | pub(crate) trait ReadFromSlice {
   |                  ------------- methods in this trait
...
69 |     fn read_u128x2(&self) -> ([u128; 2], &[u8]);
   |        ^^^^^^^^^^^
70 |     fn read_u128x4(&self) -> ([u128; 4], &[u8]);
   |        ^^^^^^^^^^^
71 |     fn read_last_u16(&self) -> u16;
   |        ^^^^^^^^^^^^^
...
75 |     fn read_last_u128x2(&self) -> [u128; 2];
   |        ^^^^^^^^^^^^^^^^
76 |     fn read_last_u128x4(&self) -> [u128; 4];
   |        ^^^^^^^^^^^^^^^^
   |
   = note: `#[warn(dead_code)]` on by default

warning: `ahash` (lib) generated 4 warnings
warning: `ahash` (lib) generated 4 warnings (4 duplicates)
warning: method `finish` is never used
   --> crates/weft-core/src/syntax.rs:243:19
    |
206 | impl Parser {
    | ----------- method in this implementation
...
243 |     pub(crate) fn finish(&mut self) -> Result<()> {
    |                   ^^^^^^
    |
    = note: `#[warn(dead_code)]` on by default

warning: `weft-core` (lib) generated 1 warning
warning: variant `Upgrade` is never constructed
  --> crates/weft-core/../../tests/compile/../register-backend/fixture.rs:21:5
   |
 9 | pub(crate) enum Behavior {
   |                 -------- variant in this enum
...
21 |     Upgrade,
   |     ^^^^^^^
   |
   = note: `Behavior` has a derived impl for the trait `Clone`, but this is intentionally ignored during dead code analysis
   = note: `#[warn(dead_code)]` on by default

warning: function `target` is never used
   --> crates/weft-core/../../tests/compile/../register-backend/fixture.rs:296:15
    |
296 | pub(crate) fn target(candidate: bool) -> Target {
    |               ^^^^^^

warning: `weft-core` (test "compile-envelope") generated 2 warnings
    Finished `test` profile [unoptimized + debuginfo] target(s) in 1.26s
     Running ../../tests/application/model.rs (/private/tmp/weft-b007-parser-target/debug/deps/application_model-19690274fbf9d999)

running 13 tests
test ordered_members_and_optional_availability ... ok
test recursive_structure_is_an_identity_graph ... ok
test unrelated_unknown_member_does_not_block_explicit_known_projection ... ok
test authored_relationship_and_inverse_keep_identity_and_key ... ok
test ordered_list_items_have_exact_leaf_types ... ok
test ambiguous_relationship_and_unkeyed_inverse_refuse ... ok
test keys_require_required_member_scalars ... ok
test unknown_selected_meaning_is_not_dropped ... ok
test unsupported_relationship_meanings_refuse ... ok
test catalog_admission_refusal_branches_are_explicit ... ok
test deep_reference_graph_refuses_without_recursing_forever ... ok
test owning_document_and_selection_limits_are_explicit ... ok
test selected_graph_depth_and_identity_boundaries_are_explicit ... ok

test result: ok. 13 passed; 0 failed; 0 ignored; 0 measured; 0 filtered out; finished in 5.18s

     Running ../../tests/register-backend/pipeline.rs (/private/tmp/weft-b007-parser-target/debug/deps/backend_pipeline-6aba09f969772361)

running 9 tests
test registration_description_errors_are_atomic ... ok
test candidate_qualification_and_no_upgrade ... ok
test adapter_dispatch_guards_refuse_before_lowering ... ok
test atomic_refusals_and_no_implicit_selection ... ok
test emitter_cannot_change_outputs_or_parameter_domains ... ok
test binding_digest_revision_injection_and_selected_unknown_refuse ... ok
test obligation_merge_refuses_conflicts_and_preserves_requirements ... ok
test capability_assessment_guards_prevent_lowering ... ok
test third_backend_registration_for_both_plan_versions ... ok

test result: ok. 9 passed; 0 failed; 0 ignored; 0 measured; 0 filtered out; finished in 0.06s

     Running ../../tests/register-backend/registry.rs (/private/tmp/weft-b007-parser-target/debug/deps/backend_registry-a9d7ed301b6f479e)

running 3 tests
test supported_requires_declared_evidence_candidate_remains_distinct ... ok
test duplicate_declarations_and_unknown_shapes_refuse ... ok
test manifest_versions_and_profile_capability_binding ... ok

test result: ok. 3 passed; 0 failed; 0 ignored; 0 measured; 0 filtered out; finished in 0.00s

     Running ../../tests/compile/envelope.rs (/private/tmp/weft-b007-parser-target/debug/deps/compile_envelope-06e549811750685b)

running 6 tests
test exact_limits_and_binding_digest_precede_resolution ... ok
test compiled_artifacts_keep_versions_types_pins_and_qualifications ... ok
test plugin_failures_are_atomic_at_the_public_boundary ... ok
test strict_envelope_and_atomic_refusals ... ok
test supplied_factory_selection_and_failure_do_not_fall_back ... ok
test request_admission_branches_refuse_atomically ... ok

test result: ok. 6 passed; 0 failed; 0 ignored; 0 measured; 0 filtered out; finished in 0.34s

     Running ../../tests/qualify-and-evolve/resources.rs (/private/tmp/weft-b007-parser-target/debug/deps/qualification_resources-29c49ea09aeb6b38)

running 5 tests
test json_value_and_refusal_branches_are_explicit ... ok
test parser_limits_have_explicit_boundary_branches ... ok
test generated_truncated_json_and_nested_duplicates ... ok
test json_node_and_request_byte_limits ... ok
test sql_and_binding_byte_limits ... ok

test result: ok. 5 passed; 0 failed; 0 ignored; 0 measured; 0 filtered out; finished in 0.16s

