/private/tmp/ashlar-db-client/lib/python3.9/site-packages/urllib3/__init__.py:35: NotOpenSSLWarning: urllib3 v2 only supports OpenSSL 1.1.1+, currently the 'ssl' module is compiled with 'LibreSSL 2.8.3'. See: https://github.com/urllib3/urllib3/issues/3020
  warnings.warn(
/private/tmp/ashlar-db-client/lib/python3.9/site-packages/google/auth/__init__.py:54: FutureWarning: You are using a Python version 3.9 past its end of life. Google will update google-auth with critical bug fixes on a best-effort basis, but not with any other fixes or features. Please upgrade your Python version, and then update google-auth.
  warnings.warn(eol_message.format("3.9"), FutureWarning)
/private/tmp/ashlar-db-client/lib/python3.9/site-packages/google/oauth2/__init__.py:40: FutureWarning: You are using a Python version 3.9 past its end of life. Google will update google-auth with critical bug fixes on a best-effort basis, but not with any other fixes or features. Please upgrade your Python version, and then update google-auth.
  warnings.warn(eol_message.format("3.9"), FutureWarning)
{
  "warehouseIdentity": {
    "dbr_version": null,
    "dbsql_version": "2026.39",
    "r_build_hash": "3909d148af5cb6b560624c9255f5a727f7a17a4c",
    "u_build_hash": "15b447529a1f55ca1ad8c73a89b8d196f6ed4904"
  },
  "warehouseIdentityCaptures": [
    {
      "id": "8-props-props-count",
      "method": "same-statement",
      "warehouse": {
        "dbr_version": null,
        "dbsql_version": "2026.39",
        "r_build_hash": "3909d148af5cb6b560624c9255f5a727f7a17a4c",
        "u_build_hash": "15b447529a1f55ca1ad8c73a89b8d196f6ed4904"
      }
    },
    {
      "id": "8-props-props-join-count",
      "method": "same-statement",
      "warehouse": {
        "dbr_version": null,
        "dbsql_version": "2026.39",
        "r_build_hash": "3909d148af5cb6b560624c9255f5a727f7a17a4c",
        "u_build_hash": "15b447529a1f55ca1ad8c73a89b8d196f6ed4904"
      }
    },
    {
      "id": "8-props-props-group-count",
      "method": "same-statement",
      "warehouse": {
        "dbr_version": null,
        "dbsql_version": "2026.39",
        "r_build_hash": "3909d148af5cb6b560624c9255f5a727f7a17a4c",
        "u_build_hash": "15b447529a1f55ca1ad8c73a89b8d196f6ed4904"
      }
    },
    {
      "id": "8-props-props-empty-count",
      "method": "same-statement",
      "warehouse": {
        "dbr_version": null,
        "dbsql_version": "2026.39",
        "r_build_hash": "3909d148af5cb6b560624c9255f5a727f7a17a4c",
        "u_build_hash": "15b447529a1f55ca1ad8c73a89b8d196f6ed4904"
      }
    },
    {
      "id": "8-props-props-single-page-0",
      "method": "same-statement",
      "warehouse": {
        "dbr_version": null,
        "dbsql_version": "2026.39",
        "r_build_hash": "3909d148af5cb6b560624c9255f5a727f7a17a4c",
        "u_build_hash": "15b447529a1f55ca1ad8c73a89b8d196f6ed4904"
      }
    },
    {
      "id": "8-props-props-single-page-1",
      "method": "same-statement",
      "warehouse": {
        "dbr_version": null,
        "dbsql_version": "2026.39",
        "r_build_hash": "3909d148af5cb6b560624c9255f5a727f7a17a4c",
        "u_build_hash": "15b447529a1f55ca1ad8c73a89b8d196f6ed4904"
      }
    },
    {
      "id": "8-props-props-single-page-2",
      "method": "same-statement",
      "warehouse": {
        "dbr_version": null,
        "dbsql_version": "2026.39",
        "r_build_hash": "3909d148af5cb6b560624c9255f5a727f7a17a4c",
        "u_build_hash": "15b447529a1f55ca1ad8c73a89b8d196f6ed4904"
      }
    },
    {
      "id": "8-props-props-single-page-3",
      "method": "same-statement",
      "warehouse": {
        "dbr_version": null,
        "dbsql_version": "2026.39",
        "r_build_hash": "3909d148af5cb6b560624c9255f5a727f7a17a4c",
        "u_build_hash": "15b447529a1f55ca1ad8c73a89b8d196f6ed4904"
      }
    },
    {
      "id": "8-props-props-single-page-4",
      "method": "separate-probe-after-empty-query",
      "warehouse": {
        "dbr_version": null,
        "dbsql_version": "2026.39",
        "r_build_hash": "3909d148af5cb6b560624c9255f5a727f7a17a4c",
        "u_build_hash": "15b447529a1f55ca1ad8c73a89b8d196f6ed4904"
      }
    },
    {
      "id": "8-props-props-composite-page-0",
      "method": "same-statement",
      "warehouse": {
        "dbr_version": null,
        "dbsql_version": "2026.39",
        "r_build_hash": "3909d148af5cb6b560624c9255f5a727f7a17a4c",
        "u_build_hash": "15b447529a1f55ca1ad8c73a89b8d196f6ed4904"
      }
    },
    {
      "id": "8-props-props-composite-page-1",
      "method": "same-statement",
      "warehouse": {
        "dbr_version": null,
        "dbsql_version": "2026.39",
        "r_build_hash": "3909d148af5cb6b560624c9255f5a727f7a17a4c",
        "u_build_hash": "15b447529a1f55ca1ad8c73a89b8d196f6ed4904"
      }
    },
    {
      "id": "8-props-props-composite-page-2",
      "method": "same-statement",
      "warehouse": {
        "dbr_version": null,
        "dbsql_version": "2026.39",
        "r_build_hash": "3909d148af5cb6b560624c9255f5a727f7a17a4c",
        "u_build_hash": "15b447529a1f55ca1ad8c73a89b8d196f6ed4904"
      }
    },
    {
      "id": "8-props-props-composite-page-3",
      "method": "same-statement",
      "warehouse": {
        "dbr_version": null,
        "dbsql_version": "2026.39",
        "r_build_hash": "3909d148af5cb6b560624c9255f5a727f7a17a4c",
        "u_build_hash": "15b447529a1f55ca1ad8c73a89b8d196f6ed4904"
      }
    },
    {
      "id": "8-props-props-composite-page-4",
      "method": "separate-probe-after-empty-query",
      "warehouse": {
        "dbr_version": null,
        "dbsql_version": "2026.39",
        "r_build_hash": "3909d148af5cb6b560624c9255f5a727f7a17a4c",
        "u_build_hash": "15b447529a1f55ca1ad8c73a89b8d196f6ed4904"
      }
    },
    {
      "id": "8-props-column-count",
      "method": "same-statement",
      "warehouse": {
        "dbr_version": null,
        "dbsql_version": "2026.39",
        "r_build_hash": "3909d148af5cb6b560624c9255f5a727f7a17a4c",
        "u_build_hash": "15b447529a1f55ca1ad8c73a89b8d196f6ed4904"
      }
    },
    {
      "id": "8-props-column-join-count",
      "method": "same-statement",
      "warehouse": {
        "dbr_version": null,
        "dbsql_version": "2026.39",
        "r_build_hash": "3909d148af5cb6b560624c9255f5a727f7a17a4c",
        "u_build_hash": "15b447529a1f55ca1ad8c73a89b8d196f6ed4904"
      }
    },
    {
      "id": "8-props-column-group-count",
      "method": "same-statement",
      "warehouse": {
        "dbr_version": null,
        "dbsql_version": "2026.39",
        "r_build_hash": "3909d148af5cb6b560624c9255f5a727f7a17a4c",
        "u_build_hash": "15b447529a1f55ca1ad8c73a89b8d196f6ed4904"
      }
    },
    {
      "id": "8-props-column-empty-count",
      "method": "same-statement",
      "warehouse": {
        "dbr_version": null,
        "dbsql_version": "2026.39",
        "r_build_hash": "3909d148af5cb6b560624c9255f5a727f7a17a4c",
        "u_build_hash": "15b447529a1f55ca1ad8c73a89b8d196f6ed4904"
      }
    },
    {
      "id": "8-props-column-single-page-0",
      "method": "same-statement",
      "warehouse": {
        "dbr_version": null,
        "dbsql_version": "2026.39",
        "r_build_hash": "3909d148af5cb6b560624c9255f5a727f7a17a4c",
        "u_build_hash": "15b447529a1f55ca1ad8c73a89b8d196f6ed4904"
      }
    },
    {
      "id": "8-props-column-single-page-1",
      "method": "same-statement",
      "warehouse": {
        "dbr_version": null,
        "dbsql_version": "2026.39",
        "r_build_hash": "3909d148af5cb6b560624c9255f5a727f7a17a4c",
        "u_build_hash": "15b447529a1f55ca1ad8c73a89b8d196f6ed4904"
      }
    },
    {
      "id": "8-props-column-single-page-2",
      "method": "same-statement",
      "warehouse": {
        "dbr_version": null,
        "dbsql_version": "2026.39",
        "r_build_hash": "3909d148af5cb6b560624c9255f5a727f7a17a4c",
        "u_build_hash": "15b447529a1f55ca1ad8c73a89b8d196f6ed4904"
      }
    },
    {
      "id": "8-props-column-single-page-3",
      "method": "same-statement",
      "warehouse": {
        "dbr_version": null,
        "dbsql_version": "2026.39",
        "r_build_hash": "3909d148af5cb6b560624c9255f5a727f7a17a4c",
        "u_build_hash": "15b447529a1f55ca1ad8c73a89b8d196f6ed4904"
      }
    },
    {
      "id": "8-props-column-single-page-4",
      "method": "separate-probe-after-empty-query",
      "warehouse": {
        "dbr_version": null,
        "dbsql_version": "2026.39",
        "r_build_hash": "3909d148af5cb6b560624c9255f5a727f7a17a4c",
        "u_build_hash": "15b447529a1f55ca1ad8c73a89b8d196f6ed4904"
      }
    },
    {
      "id": "8-props-column-composite-page-0",
      "method": "same-statement",
      "warehouse": {
        "dbr_version": null,
        "dbsql_version": "2026.39",
        "r_build_hash": "3909d148af5cb6b560624c9255f5a727f7a17a4c",
        "u_build_hash": "15b447529a1f55ca1ad8c73a89b8d196f6ed4904"
      }
    },
    {
      "id": "8-props-column-composite-page-1",
      "method": "same-statement",
      "warehouse": {
        "dbr_version": null,
        "dbsql_version": "2026.39",
        "r_build_hash": "3909d148af5cb6b560624c9255f5a727f7a17a4c",
        "u_build_hash": "15b447529a1f55ca1ad8c73a89b8d196f6ed4904"
      }
    },
    {
      "id": "8-props-column-composite-page-2",
      "method": "same-statement",
      "warehouse": {
        "dbr_version": null,
        "dbsql_version": "2026.39",
        "r_build_hash": "3909d148af5cb6b560624c9255f5a727f7a17a4c",
        "u_build_hash": "15b447529a1f55ca1ad8c73a89b8d196f6ed4904"
      }
    },
    {
      "id": "8-props-column-composite-page-3",
      "method": "same-statement",
      "warehouse": {
        "dbr_version": null,
        "dbsql_version": "2026.39",
        "r_build_hash": "3909d148af5cb6b560624c9255f5a727f7a17a4c",
        "u_build_hash": "15b447529a1f55ca1ad8c73a89b8d196f6ed4904"
      }
    },
    {
      "id": "8-props-column-composite-page-4",
      "method": "separate-probe-after-empty-query",
      "warehouse": {
        "dbr_version": null,
        "dbsql_version": "2026.39",
        "r_build_hash": "3909d148af5cb6b560624c9255f5a727f7a17a4c",
        "u_build_hash": "15b447529a1f55ca1ad8c73a89b8d196f6ed4904"
      }
    },
    {
      "id": "8-column-props-count",
      "method": "same-statement",
      "warehouse": {
        "dbr_version": null,
        "dbsql_version": "2026.39",
        "r_build_hash": "3909d148af5cb6b560624c9255f5a727f7a17a4c",
        "u_build_hash": "15b447529a1f55ca1ad8c73a89b8d196f6ed4904"
      }
    },
    {
      "id": "8-column-props-join-count",
      "method": "same-statement",
      "warehouse": {
        "dbr_version": null,
        "dbsql_version": "2026.39",
        "r_build_hash": "3909d148af5cb6b560624c9255f5a727f7a17a4c",
        "u_build_hash": "15b447529a1f55ca1ad8c73a89b8d196f6ed4904"
      }
    },
    {
      "id": "8-column-props-group-count",
      "method": "same-statement",
      "warehouse": {
        "dbr_version": null,
        "dbsql_version": "2026.39",
        "r_build_hash": "3909d148af5cb6b560624c9255f5a727f7a17a4c",
        "u_build_hash": "15b447529a1f55ca1ad8c73a89b8d196f6ed4904"
      }
    },
    {
      "id": "8-column-props-empty-count",
      "method": "same-statement",
      "warehouse": {
        "dbr_version": null,
        "dbsql_version": "2026.39",
        "r_build_hash": "3909d148af5cb6b560624c9255f5a727f7a17a4c",
        "u_build_hash": "15b447529a1f55ca1ad8c73a89b8d196f6ed4904"
      }
    },
    {
      "id": "8-column-props-single-page-0",
      "method": "same-statement",
      "warehouse": {
        "dbr_version": null,
        "dbsql_version": "2026.39",
        "r_build_hash": "3909d148af5cb6b560624c9255f5a727f7a17a4c",
        "u_build_hash": "15b447529a1f55ca1ad8c73a89b8d196f6ed4904"
      }
    },
    {
      "id": "8-column-props-single-page-1",
      "method": "same-statement",
      "warehouse": {
        "dbr_version": null,
        "dbsql_version": "2026.39",
        "r_build_hash": "3909d148af5cb6b560624c9255f5a727f7a17a4c",
        "u_build_hash": "15b447529a1f55ca1ad8c73a89b8d196f6ed4904"
      }
    },
    {
      "id": "8-column-props-single-page-2",
      "method": "same-statement",
      "warehouse": {
        "dbr_version": null,
        "dbsql_version": "2026.39",
        "r_build_hash": "3909d148af5cb6b560624c9255f5a727f7a17a4c",
        "u_build_hash": "15b447529a1f55ca1ad8c73a89b8d196f6ed4904"
      }
    },
    {
      "id": "8-column-props-single-page-3",
      "method": "same-statement",
      "warehouse": {
        "dbr_version": null,
        "dbsql_version": "2026.39",
        "r_build_hash": "3909d148af5cb6b560624c9255f5a727f7a17a4c",
        "u_build_hash": "15b447529a1f55ca1ad8c73a89b8d196f6ed4904"
      }
    },
    {
      "id": "8-column-props-single-page-4",
      "method": "separate-probe-after-empty-query",
      "warehouse": {
        "dbr_version": null,
        "dbsql_version": "2026.39",
        "r_build_hash": "3909d148af5cb6b560624c9255f5a727f7a17a4c",
        "u_build_hash": "15b447529a1f55ca1ad8c73a89b8d196f6ed4904"
      }
    },
    {
      "id": "8-column-props-composite-page-0",
      "method": "same-statement",
      "warehouse": {
        "dbr_version": null,
        "dbsql_version": "2026.39",
        "r_build_hash": "3909d148af5cb6b560624c9255f5a727f7a17a4c",
        "u_build_hash": "15b447529a1f55ca1ad8c73a89b8d196f6ed4904"
      }
    },
    {
      "id": "8-column-props-composite-page-1",
      "method": "same-statement",
      "warehouse": {
        "dbr_version": null,
        "dbsql_version": "2026.39",
        "r_build_hash": "3909d148af5cb6b560624c9255f5a727f7a17a4c",
        "u_build_hash": "15b447529a1f55ca1ad8c73a89b8d196f6ed4904"
      }
    },
    {
      "id": "8-column-props-composite-page-2",
      "method": "same-statement",
      "warehouse": {
        "dbr_version": null,
        "dbsql_version": "2026.39",
        "r_build_hash": "3909d148af5cb6b560624c9255f5a727f7a17a4c",
        "u_build_hash": "15b447529a1f55ca1ad8c73a89b8d196f6ed4904"
      }
    },
    {
      "id": "8-column-props-composite-page-3",
      "method": "same-statement",
      "warehouse": {
        "dbr_version": null,
        "dbsql_version": "2026.39",
        "r_build_hash": "3909d148af5cb6b560624c9255f5a727f7a17a4c",
        "u_build_hash": "15b447529a1f55ca1ad8c73a89b8d196f6ed4904"
      }
    },
    {
      "id": "8-column-props-composite-page-4",
      "method": "separate-probe-after-empty-query",
      "warehouse": {
        "dbr_version": null,
        "dbsql_version": "2026.39",
        "r_build_hash": "3909d148af5cb6b560624c9255f5a727f7a17a4c",
        "u_build_hash": "15b447529a1f55ca1ad8c73a89b8d196f6ed4904"
      }
    },
    {
      "id": "8-column-column-count",
      "method": "same-statement",
      "warehouse": {
        "dbr_version": null,
        "dbsql_version": "2026.39",
        "r_build_hash": "3909d148af5cb6b560624c9255f5a727f7a17a4c",
        "u_build_hash": "15b447529a1f55ca1ad8c73a89b8d196f6ed4904"
      }
    },
    {
      "id": "8-column-column-join-count",
      "method": "same-statement",
      "warehouse": {
        "dbr_version": null,
        "dbsql_version": "2026.39",
        "r_build_hash": "3909d148af5cb6b560624c9255f5a727f7a17a4c",
        "u_build_hash": "15b447529a1f55ca1ad8c73a89b8d196f6ed4904"
      }
    },
    {
      "id": "8-column-column-group-count",
      "method": "same-statement",
      "warehouse": {
        "dbr_version": null,
        "dbsql_version": "2026.39",
        "r_build_hash": "3909d148af5cb6b560624c9255f5a727f7a17a4c",
        "u_build_hash": "15b447529a1f55ca1ad8c73a89b8d196f6ed4904"
      }
    },
    {
      "id": "8-column-column-empty-count",
      "method": "same-statement",
      "warehouse": {
        "dbr_version": null,
        "dbsql_version": "2026.39",
        "r_build_hash": "3909d148af5cb6b560624c9255f5a727f7a17a4c",
        "u_build_hash": "15b447529a1f55ca1ad8c73a89b8d196f6ed4904"
      }
    },
    {
      "id": "8-column-column-single-page-0",
      "method": "same-statement",
      "warehouse": {
        "dbr_version": null,
        "dbsql_version": "2026.39",
        "r_build_hash": "3909d148af5cb6b560624c9255f5a727f7a17a4c",
        "u_build_hash": "15b447529a1f55ca1ad8c73a89b8d196f6ed4904"
      }
    },
    {
      "id": "8-column-column-single-page-1",
      "method": "same-statement",
      "warehouse": {
        "dbr_version": null,
        "dbsql_version": "2026.39",
        "r_build_hash": "3909d148af5cb6b560624c9255f5a727f7a17a4c",
        "u_build_hash": "15b447529a1f55ca1ad8c73a89b8d196f6ed4904"
      }
    },
    {
      "id": "8-column-column-single-page-2",
      "method": "same-statement",
      "warehouse": {
        "dbr_version": null,
        "dbsql_version": "2026.39",
        "r_build_hash": "3909d148af5cb6b560624c9255f5a727f7a17a4c",
        "u_build_hash": "15b447529a1f55ca1ad8c73a89b8d196f6ed4904"
      }
    },
    {
      "id": "8-column-column-single-page-3",
      "method": "same-statement",
      "warehouse": {
        "dbr_version": null,
        "dbsql_version": "2026.39",
        "r_build_hash": "3909d148af5cb6b560624c9255f5a727f7a17a4c",
        "u_build_hash": "15b447529a1f55ca1ad8c73a89b8d196f6ed4904"
      }
    },
    {
      "id": "8-column-column-single-page-4",
      "method": "separate-probe-after-empty-query",
      "warehouse": {
        "dbr_version": null,
        "dbsql_version": "2026.39",
        "r_build_hash": "3909d148af5cb6b560624c9255f5a727f7a17a4c",
        "u_build_hash": "15b447529a1f55ca1ad8c73a89b8d196f6ed4904"
      }
    },
    {
      "id": "8-column-column-composite-page-0",
      "method": "same-statement",
      "warehouse": {
        "dbr_version": null,
        "dbsql_version": "2026.39",
        "r_build_hash": "3909d148af5cb6b560624c9255f5a727f7a17a4c",
        "u_build_hash": "15b447529a1f55ca1ad8c73a89b8d196f6ed4904"
      }
    },
    {
      "id": "8-column-column-composite-page-1",
      "method": "same-statement",
      "warehouse": {
        "dbr_version": null,
        "dbsql_version": "2026.39",
        "r_build_hash": "3909d148af5cb6b560624c9255f5a727f7a17a4c",
        "u_build_hash": "15b447529a1f55ca1ad8c73a89b8d196f6ed4904"
      }
    },
    {
      "id": "8-column-column-composite-page-2",
      "method": "same-statement",
      "warehouse": {
        "dbr_version": null,
        "dbsql_version": "2026.39",
        "r_build_hash": "3909d148af5cb6b560624c9255f5a727f7a17a4c",
        "u_build_hash": "15b447529a1f55ca1ad8c73a89b8d196f6ed4904"
      }
    },
    {
      "id": "8-column-column-composite-page-3",
      "method": "same-statement",
      "warehouse": {
        "dbr_version": null,
        "dbsql_version": "2026.39",
        "r_build_hash": "3909d148af5cb6b560624c9255f5a727f7a17a4c",
        "u_build_hash": "15b447529a1f55ca1ad8c73a89b8d196f6ed4904"
      }
    },
    {
      "id": "8-column-column-composite-page-4",
      "method": "separate-probe-after-empty-query",
      "warehouse": {
        "dbr_version": null,
        "dbsql_version": "2026.39",
        "r_build_hash": "3909d148af5cb6b560624c9255f5a727f7a17a4c",
        "u_build_hash": "15b447529a1f55ca1ad8c73a89b8d196f6ed4904"
      }
    },
    {
      "id": "64-props-props-count",
      "method": "same-statement",
      "warehouse": {
        "dbr_version": null,
        "dbsql_version": "2026.39",
        "r_build_hash": "3909d148af5cb6b560624c9255f5a727f7a17a4c",
        "u_build_hash": "15b447529a1f55ca1ad8c73a89b8d196f6ed4904"
      }
    },
    {
      "id": "64-props-props-join-count",
      "method": "same-statement",
      "warehouse": {
        "dbr_version": null,
        "dbsql_version": "2026.39",
        "r_build_hash": "3909d148af5cb6b560624c9255f5a727f7a17a4c",
        "u_build_hash": "15b447529a1f55ca1ad8c73a89b8d196f6ed4904"
      }
    },
    {
      "id": "64-props-props-group-count",
      "method": "same-statement",
      "warehouse": {
        "dbr_version": null,
        "dbsql_version": "2026.39",
        "r_build_hash": "3909d148af5cb6b560624c9255f5a727f7a17a4c",
        "u_build_hash": "15b447529a1f55ca1ad8c73a89b8d196f6ed4904"
      }
    },
    {
      "id": "64-props-props-empty-count",
      "method": "same-statement",
      "warehouse": {
        "dbr_version": null,
        "dbsql_version": "2026.39",
        "r_build_hash": "3909d148af5cb6b560624c9255f5a727f7a17a4c",
        "u_build_hash": "15b447529a1f55ca1ad8c73a89b8d196f6ed4904"
      }
    },
    {
      "id": "64-props-props-single-page-0",
      "method": "same-statement",
      "warehouse": {
        "dbr_version": null,
        "dbsql_version": "2026.39",
        "r_build_hash": "3909d148af5cb6b560624c9255f5a727f7a17a4c",
        "u_build_hash": "15b447529a1f55ca1ad8c73a89b8d196f6ed4904"
      }
    },
    {
      "id": "64-props-props-single-page-1",
      "method": "same-statement",
      "warehouse": {
        "dbr_version": null,
        "dbsql_version": "2026.39",
        "r_build_hash": "3909d148af5cb6b560624c9255f5a727f7a17a4c",
        "u_build_hash": "15b447529a1f55ca1ad8c73a89b8d196f6ed4904"
      }
    },
    {
      "id": "64-props-props-single-page-2",
      "method": "same-statement",
      "warehouse": {
        "dbr_version": null,
        "dbsql_version": "2026.39",
        "r_build_hash": "3909d148af5cb6b560624c9255f5a727f7a17a4c",
        "u_build_hash": "15b447529a1f55ca1ad8c73a89b8d196f6ed4904"
      }
    },
    {
      "id": "64-props-props-single-page-3",
      "method": "same-statement",
      "warehouse": {
        "dbr_version": null,
        "dbsql_version": "2026.39",
        "r_build_hash": "3909d148af5cb6b560624c9255f5a727f7a17a4c",
        "u_build_hash": "15b447529a1f55ca1ad8c73a89b8d196f6ed4904"
      }
    },
    {
      "id": "64-props-props-single-page-4",
      "method": "separate-probe-after-empty-query",
      "warehouse": {
        "dbr_version": null,
        "dbsql_version": "2026.39",
        "r_build_hash": "3909d148af5cb6b560624c9255f5a727f7a17a4c",
        "u_build_hash": "15b447529a1f55ca1ad8c73a89b8d196f6ed4904"
      }
    },
    {
      "id": "64-props-props-composite-page-0",
      "method": "same-statement",
      "warehouse": {
        "dbr_version": null,
        "dbsql_version": "2026.39",
        "r_build_hash": "3909d148af5cb6b560624c9255f5a727f7a17a4c",
        "u_build_hash": "15b447529a1f55ca1ad8c73a89b8d196f6ed4904"
      }
    },
    {
      "id": "64-props-props-composite-page-1",
      "method": "same-statement",
      "warehouse": {
        "dbr_version": null,
        "dbsql_version": "2026.39",
        "r_build_hash": "3909d148af5cb6b560624c9255f5a727f7a17a4c",
        "u_build_hash": "15b447529a1f55ca1ad8c73a89b8d196f6ed4904"
      }
    },
    {
      "id": "64-props-props-composite-page-2",
      "method": "same-statement",
      "warehouse": {
        "dbr_version": null,
        "dbsql_version": "2026.39",
        "r_build_hash": "3909d148af5cb6b560624c9255f5a727f7a17a4c",
        "u_build_hash": "15b447529a1f55ca1ad8c73a89b8d196f6ed4904"
      }
    },
    {
      "id": "64-props-props-composite-page-3",
      "method": "same-statement",
      "warehouse": {
        "dbr_version": null,
        "dbsql_version": "2026.39",
        "r_build_hash": "3909d148af5cb6b560624c9255f5a727f7a17a4c",
        "u_build_hash": "15b447529a1f55ca1ad8c73a89b8d196f6ed4904"
      }
    },
    {
      "id": "64-props-props-composite-page-4",
      "method": "separate-probe-after-empty-query",
      "warehouse": {
        "dbr_version": null,
        "dbsql_version": "2026.39",
        "r_build_hash": "3909d148af5cb6b560624c9255f5a727f7a17a4c",
        "u_build_hash": "15b447529a1f55ca1ad8c73a89b8d196f6ed4904"
      }
    },
    {
      "id": "64-props-column-count",
      "method": "same-statement",
      "warehouse": {
        "dbr_version": null,
        "dbsql_version": "2026.39",
        "r_build_hash": "3909d148af5cb6b560624c9255f5a727f7a17a4c",
        "u_build_hash": "15b447529a1f55ca1ad8c73a89b8d196f6ed4904"
      }
    },
    {
      "id": "64-props-column-join-count",
      "method": "same-statement",
      "warehouse": {
        "dbr_version": null,
        "dbsql_version": "2026.39",
        "r_build_hash": "3909d148af5cb6b560624c9255f5a727f7a17a4c",
        "u_build_hash": "15b447529a1f55ca1ad8c73a89b8d196f6ed4904"
      }
    },
    {
      "id": "64-props-column-group-count",
      "method": "same-statement",
      "warehouse": {
        "dbr_version": null,
        "dbsql_version": "2026.39",
        "r_build_hash": "3909d148af5cb6b560624c9255f5a727f7a17a4c",
        "u_build_hash": "15b447529a1f55ca1ad8c73a89b8d196f6ed4904"
      }
    },
    {
      "id": "64-props-column-empty-count",
      "method": "same-statement",
      "warehouse": {
        "dbr_version": null,
        "dbsql_version": "2026.39",
        "r_build_hash": "3909d148af5cb6b560624c9255f5a727f7a17a4c",
        "u_build_hash": "15b447529a1f55ca1ad8c73a89b8d196f6ed4904"
      }
    },
    {
      "id": "64-props-column-single-page-0",
      "method": "same-statement",
      "warehouse": {
        "dbr_version": null,
        "dbsql_version": "2026.39",
        "r_build_hash": "3909d148af5cb6b560624c9255f5a727f7a17a4c",
        "u_build_hash": "15b447529a1f55ca1ad8c73a89b8d196f6ed4904"
      }
    },
    {
      "id": "64-props-column-single-page-1",
      "method": "same-statement",
      "warehouse": {
        "dbr_version": null,
        "dbsql_version": "2026.39",
        "r_build_hash": "3909d148af5cb6b560624c9255f5a727f7a17a4c",
        "u_build_hash": "15b447529a1f55ca1ad8c73a89b8d196f6ed4904"
      }
    },
    {
      "id": "64-props-column-single-page-2",
      "method": "same-statement",
      "warehouse": {
        "dbr_version": null,
        "dbsql_version": "2026.39",
        "r_build_hash": "3909d148af5cb6b560624c9255f5a727f7a17a4c",
        "u_build_hash": "15b447529a1f55ca1ad8c73a89b8d196f6ed4904"
      }
    },
    {
      "id": "64-props-column-single-page-3",
      "method": "same-statement",
      "warehouse": {
        "dbr_version": null,
        "dbsql_version": "2026.39",
        "r_build_hash": "3909d148af5cb6b560624c9255f5a727f7a17a4c",
        "u_build_hash": "15b447529a1f55ca1ad8c73a89b8d196f6ed4904"
      }
    },
    {
      "id": "64-props-column-single-page-4",
      "method": "separate-probe-after-empty-query",
      "warehouse": {
        "dbr_version": null,
        "dbsql_version": "2026.39",
        "r_build_hash": "3909d148af5cb6b560624c9255f5a727f7a17a4c",
        "u_build_hash": "15b447529a1f55ca1ad8c73a89b8d196f6ed4904"
      }
    },
    {
      "id": "64-props-column-composite-page-0",
      "method": "same-statement",
      "warehouse": {
        "dbr_version": null,
        "dbsql_version": "2026.39",
        "r_build_hash": "3909d148af5cb6b560624c9255f5a727f7a17a4c",
        "u_build_hash": "15b447529a1f55ca1ad8c73a89b8d196f6ed4904"
      }
    },
    {
      "id": "64-props-column-composite-page-1",
      "method": "same-statement",
      "warehouse": {
        "dbr_version": null,
        "dbsql_version": "2026.39",
        "r_build_hash": "3909d148af5cb6b560624c9255f5a727f7a17a4c",
        "u_build_hash": "15b447529a1f55ca1ad8c73a89b8d196f6ed4904"
      }
    },
    {
      "id": "64-props-column-composite-page-2",
      "method": "same-statement",
      "warehouse": {
        "dbr_version": null,
        "dbsql_version": "2026.39",
        "r_build_hash": "3909d148af5cb6b560624c9255f5a727f7a17a4c",
        "u_build_hash": "15b447529a1f55ca1ad8c73a89b8d196f6ed4904"
      }
    },
    {
      "id": "64-props-column-composite-page-3",
      "method": "same-statement",
      "warehouse": {
        "dbr_version": null,
        "dbsql_version": "2026.39",
        "r_build_hash": "3909d148af5cb6b560624c9255f5a727f7a17a4c",
        "u_build_hash": "15b447529a1f55ca1ad8c73a89b8d196f6ed4904"
      }
    },
    {
      "id": "64-props-column-composite-page-4",
      "method": "separate-probe-after-empty-query",
      "warehouse": {
        "dbr_version": null,
        "dbsql_version": "2026.39",
        "r_build_hash": "3909d148af5cb6b560624c9255f5a727f7a17a4c",
        "u_build_hash": "15b447529a1f55ca1ad8c73a89b8d196f6ed4904"
      }
    },
    {
      "id": "64-column-props-count",
      "method": "same-statement",
      "warehouse": {
        "dbr_version": null,
        "dbsql_version": "2026.39",
        "r_build_hash": "3909d148af5cb6b560624c9255f5a727f7a17a4c",
        "u_build_hash": "15b447529a1f55ca1ad8c73a89b8d196f6ed4904"
      }
    },
    {
      "id": "64-column-props-join-count",
      "method": "same-statement",
      "warehouse": {
        "dbr_version": null,
        "dbsql_version": "2026.39",
        "r_build_hash": "3909d148af5cb6b560624c9255f5a727f7a17a4c",
        "u_build_hash": "15b447529a1f55ca1ad8c73a89b8d196f6ed4904"
      }
    },
    {
      "id": "64-column-props-group-count",
      "method": "same-statement",
      "warehouse": {
        "dbr_version": null,
        "dbsql_version": "2026.39",
        "r_build_hash": "3909d148af5cb6b560624c9255f5a727f7a17a4c",
        "u_build_hash": "15b447529a1f55ca1ad8c73a89b8d196f6ed4904"
      }
    },
    {
      "id": "64-column-props-empty-count",
      "method": "same-statement",
      "warehouse": {
        "dbr_version": null,
        "dbsql_version": "2026.39",
        "r_build_hash": "3909d148af5cb6b560624c9255f5a727f7a17a4c",
        "u_build_hash": "15b447529a1f55ca1ad8c73a89b8d196f6ed4904"
      }
    },
    {
      "id": "64-column-props-single-page-0",
      "method": "same-statement",
      "warehouse": {
        "dbr_version": null,
        "dbsql_version": "2026.39",
        "r_build_hash": "3909d148af5cb6b560624c9255f5a727f7a17a4c",
        "u_build_hash": "15b447529a1f55ca1ad8c73a89b8d196f6ed4904"
      }
    },
    {
      "id": "64-column-props-single-page-1",
      "method": "same-statement",
      "warehouse": {
        "dbr_version": null,
        "dbsql_version": "2026.39",
        "r_build_hash": "3909d148af5cb6b560624c9255f5a727f7a17a4c",
        "u_build_hash": "15b447529a1f55ca1ad8c73a89b8d196f6ed4904"
      }
    },
    {
      "id": "64-column-props-single-page-2",
      "method": "same-statement",
      "warehouse": {
        "dbr_version": null,
        "dbsql_version": "2026.39",
        "r_build_hash": "3909d148af5cb6b560624c9255f5a727f7a17a4c",
        "u_build_hash": "15b447529a1f55ca1ad8c73a89b8d196f6ed4904"
      }
    },
    {
      "id": "64-column-props-single-page-3",
      "method": "same-statement",
      "warehouse": {
        "dbr_version": null,
        "dbsql_version": "2026.39",
        "r_build_hash": "3909d148af5cb6b560624c9255f5a727f7a17a4c",
        "u_build_hash": "15b447529a1f55ca1ad8c73a89b8d196f6ed4904"
      }
    },
    {
      "id": "64-column-props-single-page-4",
      "method": "separate-probe-after-empty-query",
      "warehouse": {
        "dbr_version": null,
        "dbsql_version": "2026.39",
        "r_build_hash": "3909d148af5cb6b560624c9255f5a727f7a17a4c",
        "u_build_hash": "15b447529a1f55ca1ad8c73a89b8d196f6ed4904"
      }
    },
    {
      "id": "64-column-props-composite-page-0",
      "method": "same-statement",
      "warehouse": {
        "dbr_version": null,
        "dbsql_version": "2026.39",
        "r_build_hash": "3909d148af5cb6b560624c9255f5a727f7a17a4c",
        "u_build_hash": "15b447529a1f55ca1ad8c73a89b8d196f6ed4904"
      }
    },
    {
      "id": "64-column-props-composite-page-1",
      "method": "same-statement",
      "warehouse": {
        "dbr_version": null,
        "dbsql_version": "2026.39",
        "r_build_hash": "3909d148af5cb6b560624c9255f5a727f7a17a4c",
        "u_build_hash": "15b447529a1f55ca1ad8c73a89b8d196f6ed4904"
      }
    },
    {
      "id": "64-column-props-composite-page-2",
      "method": "same-statement",
      "warehouse": {
        "dbr_version": null,
        "dbsql_version": "2026.39",
        "r_build_hash": "3909d148af5cb6b560624c9255f5a727f7a17a4c",
        "u_build_hash": "15b447529a1f55ca1ad8c73a89b8d196f6ed4904"
      }
    },
    {
      "id": "64-column-props-composite-page-3",
      "method": "same-statement",
      "warehouse": {
        "dbr_version": null,
        "dbsql_version": "2026.39",
        "r_build_hash": "3909d148af5cb6b560624c9255f5a727f7a17a4c",
        "u_build_hash": "15b447529a1f55ca1ad8c73a89b8d196f6ed4904"
      }
    },
    {
      "id": "64-column-props-composite-page-4",
      "method": "separate-probe-after-empty-query",
      "warehouse": {
        "dbr_version": null,
        "dbsql_version": "2026.39",
        "r_build_hash": "3909d148af5cb6b560624c9255f5a727f7a17a4c",
        "u_build_hash": "15b447529a1f55ca1ad8c73a89b8d196f6ed4904"
      }
    },
    {
      "id": "64-column-column-count",
      "method": "same-statement",
      "warehouse": {
        "dbr_version": null,
        "dbsql_version": "2026.39",
        "r_build_hash": "3909d148af5cb6b560624c9255f5a727f7a17a4c",
        "u_build_hash": "15b447529a1f55ca1ad8c73a89b8d196f6ed4904"
      }
    },
    {
      "id": "64-column-column-join-count",
      "method": "same-statement",
      "warehouse": {
        "dbr_version": null,
        "dbsql_version": "2026.39",
        "r_build_hash": "3909d148af5cb6b560624c9255f5a727f7a17a4c",
        "u_build_hash": "15b447529a1f55ca1ad8c73a89b8d196f6ed4904"
      }
    },
    {
      "id": "64-column-column-group-count",
      "method": "same-statement",
      "warehouse": {
        "dbr_version": null,
        "dbsql_version": "2026.39",
        "r_build_hash": "3909d148af5cb6b560624c9255f5a727f7a17a4c",
        "u_build_hash": "15b447529a1f55ca1ad8c73a89b8d196f6ed4904"
      }
    },
    {
      "id": "64-column-column-empty-count",
      "method": "same-statement",
      "warehouse": {
        "dbr_version": null,
        "dbsql_version": "2026.39",
        "r_build_hash": "3909d148af5cb6b560624c9255f5a727f7a17a4c",
        "u_build_hash": "15b447529a1f55ca1ad8c73a89b8d196f6ed4904"
      }
    },
    {
      "id": "64-column-column-single-page-0",
      "method": "same-statement",
      "warehouse": {
        "dbr_version": null,
        "dbsql_version": "2026.39",
        "r_build_hash": "3909d148af5cb6b560624c9255f5a727f7a17a4c",
        "u_build_hash": "15b447529a1f55ca1ad8c73a89b8d196f6ed4904"
      }
    },
    {
      "id": "64-column-column-single-page-1",
      "method": "same-statement",
      "warehouse": {
        "dbr_version": null,
        "dbsql_version": "2026.39",
        "r_build_hash": "3909d148af5cb6b560624c9255f5a727f7a17a4c",
        "u_build_hash": "15b447529a1f55ca1ad8c73a89b8d196f6ed4904"
      }
    },
    {
      "id": "64-column-column-single-page-2",
      "method": "same-statement",
      "warehouse": {
        "dbr_version": null,
        "dbsql_version": "2026.39",
        "r_build_hash": "3909d148af5cb6b560624c9255f5a727f7a17a4c",
        "u_build_hash": "15b447529a1f55ca1ad8c73a89b8d196f6ed4904"
      }
    },
    {
      "id": "64-column-column-single-page-3",
      "method": "same-statement",
      "warehouse": {
        "dbr_version": null,
        "dbsql_version": "2026.39",
        "r_build_hash": "3909d148af5cb6b560624c9255f5a727f7a17a4c",
        "u_build_hash": "15b447529a1f55ca1ad8c73a89b8d196f6ed4904"
      }
    },
    {
      "id": "64-column-column-single-page-4",
      "method": "separate-probe-after-empty-query",
      "warehouse": {
        "dbr_version": null,
        "dbsql_version": "2026.39",
        "r_build_hash": "3909d148af5cb6b560624c9255f5a727f7a17a4c",
        "u_build_hash": "15b447529a1f55ca1ad8c73a89b8d196f6ed4904"
      }
    },
    {
      "id": "64-column-column-composite-page-0",
      "method": "same-statement",
      "warehouse": {
        "dbr_version": null,
        "dbsql_version": "2026.39",
        "r_build_hash": "3909d148af5cb6b560624c9255f5a727f7a17a4c",
        "u_build_hash": "15b447529a1f55ca1ad8c73a89b8d196f6ed4904"
      }
    },
    {
      "id": "64-column-column-composite-page-1",
      "method": "same-statement",
      "warehouse": {
        "dbr_version": null,
        "dbsql_version": "2026.39",
        "r_build_hash": "3909d148af5cb6b560624c9255f5a727f7a17a4c",
        "u_build_hash": "15b447529a1f55ca1ad8c73a89b8d196f6ed4904"
      }
    },
    {
      "id": "64-column-column-composite-page-2",
      "method": "same-statement",
      "warehouse": {
        "dbr_version": null,
        "dbsql_version": "2026.39",
        "r_build_hash": "3909d148af5cb6b560624c9255f5a727f7a17a4c",
        "u_build_hash": "15b447529a1f55ca1ad8c73a89b8d196f6ed4904"
      }
    },
    {
      "id": "64-column-column-composite-page-3",
      "method": "same-statement",
      "warehouse": {
        "dbr_version": null,
        "dbsql_version": "2026.39",
        "r_build_hash": "3909d148af5cb6b560624c9255f5a727f7a17a4c",
        "u_build_hash": "15b447529a1f55ca1ad8c73a89b8d196f6ed4904"
      }
    },
    {
      "id": "64-column-column-composite-page-4",
      "method": "separate-probe-after-empty-query",
      "warehouse": {
        "dbr_version": null,
        "dbsql_version": "2026.39",
        "r_build_hash": "3909d148af5cb6b560624c9255f5a727f7a17a4c",
        "u_build_hash": "15b447529a1f55ca1ad8c73a89b8d196f6ed4904"
      }
    }
  ],
  "warehouseLinkedCountCases": 0,
  "warehouseApplicationCases": 112,
  "state": "passed",
  "cases": 112,
  "compilerBinarySha256": "3b1ab2973c2323f34d827698c8bfee28ecbf67c3e74086184f880b11149140c5",
  "harnessSha256": "b85669581f6db7c0682bbe0e0c3845e9033a4228c369711bc7dabdad857d68b2",
  "transportSha256": "21a05564439b106f2ba8981ad8198b239395144374937d7b7d857f0eb1623f95",
  "qualification": "Nonempty application results capture warehouse identity in the query; empty pages use a separately labeled probe after execution, not same-statement identity evidence. Registered 0.2 compiler and native required-scalar entity projection, exact bag/group/global counts and single/composite authored-key pages across four native/JSON homes and signed8/64. Same retained synthetic snapshots; no live policy/pin authority, optional/compound/related values, embedding or production qualification."
}
