warning: unexpected `cfg` condition value: `128`
   --> vendor/ahash/src/fallback_hash.rs:164:11
    |
164 |     #[cfg(target_pointer_width = "128")]
    |           ^^^^^^^^^^^^^^^^^^^^^^^^^^^^
    |
    = note: expected values for `target_pointer_width` are: `16`, `32`, and `64`
    = note: see <https://doc.rust-lang.org/nightly/rustc/check-cfg/cargo-specifics.html> for more information about checking conditional configuration
    = note: `#[warn(unexpected_cfgs)]` on by default

warning: unexpected `cfg` condition name: `fuzzing`
  --> vendor/ahash/src/random_state.rs:48:58
   |
48 |     if #[cfg(all(feature = "compile-time-rng", any(test, fuzzing)))] {
   |                                                          ^^^^^^^
   |
   = help: expected names are: `docsrs`, `feature`, `folded_multiply`, `specialize`, and `test` and 31 more
   = help: consider using a Cargo feature instead
   = help: or consider adding in `Cargo.toml` the `check-cfg` lint config for the lint:
            [lints.rust]
            unexpected_cfgs = { level = "warn", check-cfg = ['cfg(fuzzing)'] }
   = help: or consider adding `println!("cargo::rustc-check-cfg=cfg(fuzzing)");` to the top of the `build.rs`
   = note: see <https://doc.rust-lang.org/nightly/rustc/check-cfg/cargo-specifics.html> for more information about checking conditional configuration

warning: unexpected `cfg` condition name: `fuzzing`
  --> vendor/ahash/src/random_state.rs:68:54
   |
68 |     } else if #[cfg(all(feature = "runtime-rng", not(fuzzing)))] {
   |                                                      ^^^^^^^
   |
   = help: consider using a Cargo feature instead
   = help: or consider adding in `Cargo.toml` the `check-cfg` lint config for the lint:
            [lints.rust]
            unexpected_cfgs = { level = "warn", check-cfg = ['cfg(fuzzing)'] }
   = help: or consider adding `println!("cargo::rustc-check-cfg=cfg(fuzzing)");` to the top of the `build.rs`
   = note: see <https://doc.rust-lang.org/nightly/rustc/check-cfg/cargo-specifics.html> for more information about checking conditional configuration

warning: methods `read_u128x2`, `read_u128x4`, `read_last_u16`, `read_last_u128x2`, and `read_last_u128x4` are never used
  --> vendor/ahash/src/convert.rs:69:8
   |
64 | pub(crate) trait ReadFromSlice {
   |                  ------------- methods in this trait
...
69 |     fn read_u128x2(&self) -> ([u128; 2], &[u8]);
   |        ^^^^^^^^^^^
70 |     fn read_u128x4(&self) -> ([u128; 4], &[u8]);
   |        ^^^^^^^^^^^
71 |     fn read_last_u16(&self) -> u16;
   |        ^^^^^^^^^^^^^
...
75 |     fn read_last_u128x2(&self) -> [u128; 2];
   |        ^^^^^^^^^^^^^^^^
76 |     fn read_last_u128x4(&self) -> [u128; 4];
   |        ^^^^^^^^^^^^^^^^
   |
   = note: `#[warn(dead_code)]` on by default

warning: `ahash` (lib) generated 4 warnings
warning: `ahash` (lib) generated 4 warnings (4 duplicates)
warning: method `finish` is never used
   --> crates/weft-core/src/syntax.rs:243:19
    |
206 | impl Parser {
    | ----------- method in this implementation
...
243 |     pub(crate) fn finish(&mut self) -> Result<()> {
    |                   ^^^^^^
    |
    = note: `#[warn(dead_code)]` on by default

warning: `weft-core` (lib) generated 1 warning
warning: `weft-core` (lib test) generated 1 warning (1 duplicate)
   Compiling weft-core v0.1.0 (/private/tmp/weft-build/crates/weft-core)
    Finished `test` profile [unoptimized + debuginfo] target(s) in 0.45s
     Running unittests src/lib.rs (target/debug/deps/weft_core-67a527b2f3819a93)

running 0 tests

test result: ok. 0 passed; 0 failed; 0 ignored; 0 measured; 0 filtered out; finished in 0.00s

     Running unittests src/bin/frontend.rs (target/debug/deps/frontend-701ec0bf5478cbea)

running 0 tests

test result: ok. 0 passed; 0 failed; 0 ignored; 0 measured; 0 filtered out; finished in 0.00s

     Running ../../tests/application/model.rs (target/debug/deps/application_model-d16ab698a4ccf23f)

running 10 tests
test unrelated_unknown_member_does_not_block_explicit_known_projection ... ok
test ordered_members_and_optional_availability ... ok
test recursive_structure_is_an_identity_graph ... ok
test authored_relationship_and_inverse_keep_identity_and_key ... ok
test ordered_list_items_have_exact_leaf_types ... ok
test keys_require_required_member_scalars ... ok
test ambiguous_relationship_and_unkeyed_inverse_refuse ... ok
test unknown_selected_meaning_is_not_dropped ... ok
test unsupported_relationship_meanings_refuse ... ok
test deep_reference_graph_refuses_without_recursing_forever ... ok

test result: ok. 10 passed; 0 failed; 0 ignored; 0 measured; 0 filtered out; finished in 0.01s

     Running ../../tests/application/resolve.rs (target/debug/deps/application_resolve-80be67502db5518c)

running 5 tests
test parameters_intersect_all_use_domains ... ok
test plans_keep_domains_presence_join_bags_and_cursors ... ok
test explicit_profile_version_and_parameter_map_bounds ... ok
test original_valid_queries_remain_valid_in_explicit_02 ... ok
test application_acceptance_and_refusals ... ok

test result: ok. 5 passed; 0 failed; 0 ignored; 0 measured; 0 filtered out; finished in 0.44s

     Running ../../tests/application/syntax.rs (target/debug/deps/application_syntax-de76da35d3035401)

running 4 tests
test count_and_literal_values ... ok
test application_constructs_preserve_structure ... ok
test explicit_version_does_not_expand_original_parser ... ok
test excluded_and_malformed_constructs_refuse ... ok

test result: ok. 4 passed; 0 failed; 0 ignored; 0 measured; 0 filtered out; finished in 0.00s

     Running tests/frontend.rs (target/debug/deps/frontend-96af6cf41766a274)

running 4 tests
test utf8_spans_and_exact_quoted_names ... ok
test on_scope_self_joins_and_group_only ... ok
test schema_identity_and_dependency_guards ... ok
test independent_corpus_resolution_and_refusals ... ok

test result: ok. 4 passed; 0 failed; 0 ignored; 0 measured; 0 filtered out; finished in 0.42s

   Doc-tests weft_core

running 0 tests

test result: ok. 0 passed; 0 failed; 0 ignored; 0 measured; 0 filtered out; finished in 0.00s

warning: unexpected `cfg` condition value: `128`
   --> vendor/ahash/src/fallback_hash.rs:164:11
    |
164 |     #[cfg(target_pointer_width = "128")]
    |           ^^^^^^^^^^^^^^^^^^^^^^^^^^^^
    |
    = note: expected values for `target_pointer_width` are: `16`, `32`, and `64`
    = note: see <https://doc.rust-lang.org/nightly/rustc/check-cfg/cargo-specifics.html> for more information about checking conditional configuration
    = note: `#[warn(unexpected_cfgs)]` on by default

warning: unexpected `cfg` condition name: `fuzzing`
  --> vendor/ahash/src/random_state.rs:48:58
   |
48 |     if #[cfg(all(feature = "compile-time-rng", any(test, fuzzing)))] {
   |                                                          ^^^^^^^
   |
   = help: expected names are: `docsrs`, `feature`, `folded_multiply`, `specialize`, and `test` and 31 more
   = help: consider using a Cargo feature instead
   = help: or consider adding in `Cargo.toml` the `check-cfg` lint config for the lint:
            [lints.rust]
            unexpected_cfgs = { level = "warn", check-cfg = ['cfg(fuzzing)'] }
   = help: or consider adding `println!("cargo::rustc-check-cfg=cfg(fuzzing)");` to the top of the `build.rs`
   = note: see <https://doc.rust-lang.org/nightly/rustc/check-cfg/cargo-specifics.html> for more information about checking conditional configuration

warning: unexpected `cfg` condition name: `fuzzing`
  --> vendor/ahash/src/random_state.rs:68:54
   |
68 |     } else if #[cfg(all(feature = "runtime-rng", not(fuzzing)))] {
   |                                                      ^^^^^^^
   |
   = help: consider using a Cargo feature instead
   = help: or consider adding in `Cargo.toml` the `check-cfg` lint config for the lint:
            [lints.rust]
            unexpected_cfgs = { level = "warn", check-cfg = ['cfg(fuzzing)'] }
   = help: or consider adding `println!("cargo::rustc-check-cfg=cfg(fuzzing)");` to the top of the `build.rs`
   = note: see <https://doc.rust-lang.org/nightly/rustc/check-cfg/cargo-specifics.html> for more information about checking conditional configuration

warning: methods `read_u128x2`, `read_u128x4`, `read_last_u16`, `read_last_u128x2`, and `read_last_u128x4` are never used
  --> vendor/ahash/src/convert.rs:69:8
   |
64 | pub(crate) trait ReadFromSlice {
   |                  ------------- methods in this trait
...
69 |     fn read_u128x2(&self) -> ([u128; 2], &[u8]);
   |        ^^^^^^^^^^^
70 |     fn read_u128x4(&self) -> ([u128; 4], &[u8]);
   |        ^^^^^^^^^^^
71 |     fn read_last_u16(&self) -> u16;
   |        ^^^^^^^^^^^^^
...
75 |     fn read_last_u128x2(&self) -> [u128; 2];
   |        ^^^^^^^^^^^^^^^^
76 |     fn read_last_u128x4(&self) -> [u128; 4];
   |        ^^^^^^^^^^^^^^^^
   |
   = note: `#[warn(dead_code)]` on by default

warning: `ahash` (lib) generated 4 warnings
warning: `ahash` (lib) generated 4 warnings (4 duplicates)
warning: method `finish` is never used
   --> crates/weft-core/src/syntax.rs:243:19
    |
206 | impl Parser {
    | ----------- method in this implementation
...
243 |     pub(crate) fn finish(&mut self) -> Result<()> {
    |                   ^^^^^^
    |
    = note: `#[warn(dead_code)]` on by default

warning: `weft-core` (lib) generated 1 warning
    Finished `dev` profile [unoptimized + debuginfo] target(s) in 0.19s
{"corpusCases": 636, "independentRelationalBags": 13, "arithmetic": "Python int and Decimal precision 100", "targetExecution": false}
Validated 303 typed frontend plans against the public IR schema.
warning: unexpected `cfg` condition value: `128`
   --> vendor/ahash/src/fallback_hash.rs:164:11
    |
164 |     #[cfg(target_pointer_width = "128")]
    |           ^^^^^^^^^^^^^^^^^^^^^^^^^^^^
    |
    = note: expected values for `target_pointer_width` are: `16`, `32`, and `64`
    = note: see <https://doc.rust-lang.org/nightly/rustc/check-cfg/cargo-specifics.html> for more information about checking conditional configuration
    = note: `#[warn(unexpected_cfgs)]` on by default

warning: unexpected `cfg` condition name: `fuzzing`
  --> vendor/ahash/src/random_state.rs:48:58
   |
48 |     if #[cfg(all(feature = "compile-time-rng", any(test, fuzzing)))] {
   |                                                          ^^^^^^^
   |
   = help: expected names are: `docsrs`, `feature`, `folded_multiply`, `specialize`, and `test` and 31 more
   = help: consider using a Cargo feature instead
   = help: or consider adding in `Cargo.toml` the `check-cfg` lint config for the lint:
            [lints.rust]
            unexpected_cfgs = { level = "warn", check-cfg = ['cfg(fuzzing)'] }
   = help: or consider adding `println!("cargo::rustc-check-cfg=cfg(fuzzing)");` to the top of the `build.rs`
   = note: see <https://doc.rust-lang.org/nightly/rustc/check-cfg/cargo-specifics.html> for more information about checking conditional configuration

warning: unexpected `cfg` condition name: `fuzzing`
  --> vendor/ahash/src/random_state.rs:68:54
   |
68 |     } else if #[cfg(all(feature = "runtime-rng", not(fuzzing)))] {
   |                                                      ^^^^^^^
   |
   = help: consider using a Cargo feature instead
   = help: or consider adding in `Cargo.toml` the `check-cfg` lint config for the lint:
            [lints.rust]
            unexpected_cfgs = { level = "warn", check-cfg = ['cfg(fuzzing)'] }
   = help: or consider adding `println!("cargo::rustc-check-cfg=cfg(fuzzing)");` to the top of the `build.rs`
   = note: see <https://doc.rust-lang.org/nightly/rustc/check-cfg/cargo-specifics.html> for more information about checking conditional configuration

warning: methods `read_u128x2`, `read_u128x4`, `read_last_u16`, `read_last_u128x2`, and `read_last_u128x4` are never used
  --> vendor/ahash/src/convert.rs:69:8
   |
64 | pub(crate) trait ReadFromSlice {
   |                  ------------- methods in this trait
...
69 |     fn read_u128x2(&self) -> ([u128; 2], &[u8]);
   |        ^^^^^^^^^^^
70 |     fn read_u128x4(&self) -> ([u128; 4], &[u8]);
   |        ^^^^^^^^^^^
71 |     fn read_last_u16(&self) -> u16;
   |        ^^^^^^^^^^^^^
...
75 |     fn read_last_u128x2(&self) -> [u128; 2];
   |        ^^^^^^^^^^^^^^^^
76 |     fn read_last_u128x4(&self) -> [u128; 4];
   |        ^^^^^^^^^^^^^^^^
   |
   = note: `#[warn(dead_code)]` on by default

warning: `ahash` (lib) generated 4 warnings
warning: `ahash` (lib) generated 4 warnings (4 duplicates)
warning: method `finish` is never used
   --> crates/weft-core/src/syntax.rs:243:19
    |
206 | impl Parser {
    | ----------- method in this implementation
...
243 |     pub(crate) fn finish(&mut self) -> Result<()> {
    |                   ^^^^^^
    |
    = note: `#[warn(dead_code)]` on by default

warning: `weft-core` (lib) generated 1 warning
    Finished `dev` profile [unoptimized + debuginfo] target(s) in 0.20s
{
  "cases": 636,
  "browser": "153.0.8010.12",
  "playwrightVersion": "1.62.1",
  "wasmBytes": 8120574,
  "wasmSha256": "5b7bbbd20d97e956359677c3aa7ffcd4445201a004044b86fcec4e561c52ee5c",
  "jsGlueBytes": 6563,
  "imports": [
    {
      "module": "wbg",
      "name": "__wbg___wbindgen_throw_b855445ff6a94295",
      "kind": "function"
    },
    {
      "module": "wbg",
      "name": "__wbindgen_init_externref_table",
      "kind": "function"
    }
  ],
  "initialMemoryBytes": 1703936,
  "finalMemoryBytes": 1769472,
  "networkRequests": [
    "http://weft.spike.test/",
    "http://weft.spike.test/spike.wasm",
    "http://weft.spike.test/spike.js"
  ],
  "nodeGlobals": false,
  "byteParity": true
}
$ bun scripts/check-specs.ts
Checked 43 governed artifacts, 8 schemas, 30 planned criteria and 636 fixture scenarios (1 deliberate schema negatives).
No compiler, database or embedding tests were executed.
Application native frontend decisions: 620
Independent application read results: {"authoredResults": 18, "exactDecimals": true, "bagCounts": true, "duplicateEdges": true, "inverseTraversal": true, "absenceAndEmptyList": true, "nativeExecution": false}
Validated 304 application plans and presence/related-key carrier shapes.
{
  "cases": 620,
  "browser": "153.0.8010.12",
  "playwrightVersion": "1.62.1",
  "wasmBytes": 8120574,
  "wasmSha256": "5b7bbbd20d97e956359677c3aa7ffcd4445201a004044b86fcec4e561c52ee5c",
  "jsGlueBytes": 6563,
  "imports": [
    {
      "module": "wbg",
      "name": "__wbg___wbindgen_throw_b855445ff6a94295",
      "kind": "function"
    },
    {
      "module": "wbg",
      "name": "__wbindgen_init_externref_table",
      "kind": "function"
    }
  ],
  "initialMemoryBytes": 1703936,
  "finalMemoryBytes": 1900544,
  "networkRequests": [
    "http://weft.spike.test/",
    "http://weft.spike.test/spike.wasm",
    "http://weft.spike.test/spike.js"
  ],
  "nodeGlobals": false,
  "byteParity": true
}
