{
  "cases": 7,
  "batchSize": 64,
  "streamingCorpus": false,
  "browser": "153.0.8010.12",
  "playwrightVersion": "1.62.1",
  "wasmBytes": 11700507,
  "wasmSha256": "fadd7c59c724c14e79f86d68275eeee11c2974e67ecc3869f8501ce10e38a007",
  "jsGlueBytes": 6554,
  "imports": [
    {
      "module": "wbg",
      "name": "__wbg___wbindgen_throw_b855445ff6a94295",
      "kind": "function"
    },
    {
      "module": "wbg",
      "name": "__wbindgen_init_externref_table",
      "kind": "function"
    }
  ],
  "initialMemoryBytes": 1835008,
  "finalMemoryBytes": 3211264,
  "networkRequests": [
    "http://weft.spike.test/",
    "http://weft.spike.test/spike.wasm",
    "http://weft.spike.test/spike.js",
    "http://weft.spike.test/wrapper.js"
  ],
  "nodeGlobals": false,
  "byteParity": true
}
