   Compiling getrandom v0.3.4
   Compiling ahash v0.8.12
   Compiling referencing v0.56.0
   Compiling jsonschema-macros-core v0.56.0
   Compiling jsonschema-value v0.56.0
   Compiling jsonschema-macros v0.56.0
   Compiling jsonschema v0.56.0
   Compiling weft-core v0.1.0 (/private/tmp/ashlar-weft-distribution-d2d/crates/weft-core)
warning: unused import: `Identity`
 --> /private/tmp/ashlar-weft-distribution-d2d/crates/weft-core/src/application_scope.rs:8:18
  |
8 |     ir::{Family, Identity, LogicalType},
  |                  ^^^^^^^^
  |
  = note: `#[warn(unused_imports)]` on by default

warning: unused imports: `Column`, `Descriptor`, `LiteralKind`, `Literal`, `Name`, `Record`, `Shape`, and `exact`
 --> /private/tmp/ashlar-weft-distribution-d2d/crates/weft-core/src/application_resolve.rs:3:25
  |
3 |     application_model::{Descriptor, Shape},
  |                         ^^^^^^^^^^  ^^^^^
...
6 |     exact,
  |     ^^^^^
7 |     ir::{Family, Identity, LogicalType},
8 |     model::{Catalog, Record},
  |                      ^^^^^^
9 |     syntax::{Column, Literal, LiteralKind, Name},
  |              ^^^^^^  ^^^^^^^  ^^^^^^^^^^^  ^^^^

warning: struct `PlanSchema03` is never constructed
   --> /private/tmp/ashlar-weft-distribution-d2d/crates/weft-core/src/arithmetic_application_resolve.rs:828:8
    |
828 | struct PlanSchema03;
    |        ^^^^^^^^^^^^
    |
    = note: `#[warn(dead_code)]` on by default

warning: method `finish` is never used
   --> /private/tmp/ashlar-weft-distribution-d2d/crates/weft-core/src/syntax.rs:245:19
    |
208 | impl Parser {
    | ----------- method in this implementation
...
245 |     pub(crate) fn finish(&mut self) -> Result<()> {
    |                   ^^^^^^

warning: methods `terminal_record` and `terminal_key` are never used
   --> /private/tmp/ashlar-weft-distribution-d2d/crates/weft-core/src/path_ir.rs:117:12
    |
 52 | impl PathRead {
    | ------------- methods in this implementation
...
117 |     pub fn terminal_record(&self) -> &Identity {
    |            ^^^^^^^^^^^^^^^
...
120 |     pub fn terminal_key(&self) -> &AuthoredKey {
    |            ^^^^^^^^^^^^

warning: associated function `new` is never used
   --> /private/tmp/ashlar-weft-distribution-d2d/crates/weft-core/src/path_ir.rs:238:12
    |
237 | impl Plan {
    | --------- associated function in this implementation
238 |     pub fn new(p: PlanParts) -> Result<Self> {
    |            ^^^

warning: field `span` is never read
  --> /private/tmp/ashlar-weft-distribution-d2d/crates/weft-core/src/path_query.rs:23:9
   |
21 |     CountDistinctPathTargets {
   |     ------------------------ field in this variant
22 |         alias: Name,
23 |         span: Span,
   |         ^^^^
   |
   = note: `Output` has derived impls for the traits `Clone` and `Debug`, but these are intentionally ignored during dead code analysis

warning: `weft-core` (lib) generated 7 warnings (run `cargo fix --lib -p weft-core` to apply 2 suggestions)
   Compiling weft-databricks v0.1.0 (/private/tmp/ashlar-weft-distribution-d2d/crates/weft-databricks)
   Compiling weft-runtime v0.1.0 (/private/tmp/ashlar-weft-distribution-d2d/crates/weft-runtime)
   Compiling astra-count-star-independent v0.0.0 (/private/tmp/astra-count-star-independent-20261010-b)
    Finished `dev` profile [unoptimized + debuginfo] target(s) in 21.40s
     Running `/private/tmp/ashlar-weft-distribution-d2d/target/debug/astra-count-star-independent`
